\BOOKMARK [1][-]{section.1}{\376\377\060\157\060\130\060\201\060\153}{}% 1
\BOOKMARK [1][-]{section.2}{\376\377\000A\000B\000C\000L\000/\0001\000\040\060\156\212\010\173\227\060\342\060\307\060\353}{}% 2
\BOOKMARK [2][-]{subsection.2.1}{\376\377\116\046\210\114\060\252\060\326\060\270\060\247\060\257\060\310\060\150\116\011\060\144\060\156\060\342\060\374\060\311}{section.2}% 3
\BOOKMARK [2][-]{subsection.2.2}{\376\377\000s\000c\000r\000i\000p\000t\000\040\040\024\000-\000\040\060\321\060\277\060\374\060\363\060\150\122\066\175\004\060\153\060\210\060\213\123\327\117\341}{section.2}% 4
\BOOKMARK [2][-]{subsection.2.3}{\376\377\116\011\172\056\060\156\060\341\060\303\060\273\060\374\060\270\220\001\117\341}{section.2}% 5
\BOOKMARK [2][-]{subsection.2.4}{\376\377\000o\000r\000d\000i\000n\000a\000r\000y\000\040\000m\000o\000d\000e\000\040\060\150\000\040\000e\000x\000p\000r\000e\000s\000s\000\040\000m\000o\000d\000e\000\040\040\024\000-\000\040\116\214\221\315\060\255\060\345\060\374}{section.2}% 6
\BOOKMARK [2][-]{subsection.2.5}{\376\377\217\324\117\341\121\110\060\156\116\000\175\032\140\047}{section.2}% 7
\BOOKMARK [2][-]{subsection.2.6}{\376\377\133\237\210\305}{section.2}% 8
\BOOKMARK [1][-]{section.3}{\376\377\000A\000I\000P\000L\000\040\060\156\212\010\173\227\060\342\060\307\060\353}{}% 9
\BOOKMARK [2][-]{subsection.3.1}{\376\377\060\242\060\257\060\277\060\374\377\035\060\257\060\351\060\271\377\013\060\325\060\243\060\374\060\353\060\311\377\013\060\341\060\275\060\303\060\311}{section.3}% 10
\BOOKMARK [2][-]{subsection.3.2}{\376\377\116\011\172\056\060\156\220\001\117\341\000\040\040\024\000-\000\040\000A\000B\000C\000L\000/\0001\000\040\060\113\060\211\060\156\175\231\142\177}{section.3}% 11
\BOOKMARK [2][-]{subsection.3.3}{\376\377\123\130\116\000\060\341\060\374\060\353\060\334\060\303\060\257\060\271\060\150\060\001\122\162\060\212\217\274\060\177\060\156\116\015\127\050}{section.3}% 12
\BOOKMARK [2][-]{subsection.3.4}{\376\377\217\324\117\341\000\040\040\024\000-\000\040\146\227\236\331\060\156\000\040\000r\000e\000p\000l\000y\000\040\060\150\000\040\000s\000e\000n\000d\000e\000r}{section.3}% 13
\BOOKMARK [2][-]{subsection.3.5}{\376\377\000s\000e\000l\000e\000c\000t\000\040\040\024\000-\000\040\060\321\060\277\060\374\060\363\123\327\117\341\060\156\176\056\134\017\162\110}{section.3}% 14
\BOOKMARK [2][-]{subsection.3.6}{\376\377\000b\000e\000c\000o\000m\000e}{section.3}% 15
\BOOKMARK [2][-]{subsection.3.7}{\376\377\130\203\165\114\000\040\040\024\000-\000\040\122\006\145\143\060\150\000\040\000W\000e\000b}{section.3}% 16
\BOOKMARK [2][-]{subsection.3.8}{\376\377\133\237\210\305}{section.3}% 17
\BOOKMARK [1][-]{section.4}{\376\377\127\213\000\040\040\024\000-\000\040\147\000\131\047\060\156\220\125\060\104}{}% 18
\BOOKMARK [2][-]{subsection.4.1}{\376\377\000A\000B\000C\000L\000/\0001\000\040\060\157\122\325\166\204\060\001\000A\000I\000P\000L\000\040\060\157\227\131\166\204}{section.4}% 19
\BOOKMARK [2][-]{subsection.4.2}{\376\377\116\011\172\056\060\156\220\001\117\341\060\153\127\213\060\222\116\330\060\121\060\213\060\150\060\104\060\106\060\123\060\150}{section.4}% 20
\BOOKMARK [2][-]{subsection.4.3}{\376\377\000A\000B\000C\000L\000/\000f\000\040\040\024\000-\000\040\124\014\060\130\125\117\230\114\060\170\060\156\121\110\210\114\117\213}{section.4}% 21
\BOOKMARK [1][-]{section.5}{\376\377\152\137\200\375\153\324\217\003}{}% 22
\BOOKMARK [1][-]{section.6}{\376\377\060\342\060\307\060\353\060\156\211\263\160\271\060\113\060\211\060\156\147\054\214\352\166\204\060\152\135\356}{}% 23
\BOOKMARK [2][-]{subsection.6.1}{\376\377\122\162\060\212\217\274\060\177\123\357\200\375\140\047\000\040\040\024\000-\000\040\220\020\153\041\140\047\060\156\170\064\060\212\145\271}{section.6}% 24
\BOOKMARK [2][-]{subsection.6.2}{\376\377\217\324\117\341\121\110\060\156\116\000\175\032\140\047\000\040\040\024\000-\000\040\131\324\213\162\060\147\060\115\060\213\060\113}{section.6}% 25
\BOOKMARK [2][-]{subsection.6.3}{\376\377\123\327\117\341\060\156\220\170\142\236\000\040\040\024\000-\000\040\124\014\147\037\060\222\123\327\117\341\147\141\116\366\060\150\060\127\060\146\146\370\060\121\060\213\060\113}{section.6}% 26
\BOOKMARK [2][-]{subsection.6.4}{\376\377\127\213\000\040\040\024\000-\000\040\117\335\212\074\060\222\137\227\060\137\116\343\121\037}{section.6}% 27
\BOOKMARK [1][-]{section.7}{\376\377\117\125\060\222\123\326\060\212\142\073\060\133\060\213\060\113}{}% 28
\BOOKMARK [1][-]{section.8}{\376\377\060\176\060\150\060\201}{}% 29
