\BOOKMARK [1][-]{section.1}{\376\377\125\117\230\114\212\055\133\232}{}% 1
\BOOKMARK [2][-]{subsection.1.1}{\376\377\121\372\166\172\160\271\377\032\133\237\210\305\060\156\163\376\162\266}{section.1}% 2
\BOOKMARK [1][-]{section.2}{\376\377\143\250\212\326\060\147\060\115\060\213\220\350\122\006}{}% 3
\BOOKMARK [1][-]{section.3}{\376\377\143\250\212\326\060\147\060\157\154\172\060\176\060\211\060\152\060\104\060\123\060\150}{}% 4
\BOOKMARK [2][-]{subsection.3.1}{\376\377\000r\000e\000p\000l\000y\000\040\060\127\060\152\060\104\060\321\060\271\060\114\236\331\060\143\060\146\220\032\060\213}{section.3}% 5
\BOOKMARK [2][-]{subsection.3.2}{\376\377\122\006\134\220\060\124\060\150\060\153\165\160\060\152\060\213\127\213\060\222\000\040\000r\000e\000p\000l\000y\000\040\060\127\060\137\060\150\060\115\060\156\000\040\000b\000l\000a\000m\000e}{section.3}% 6
\BOOKMARK [2][-]{subsection.3.3}{\376\377\060\242\060\257\060\277\060\374\225\223\060\156\166\370\116\222\121\215\136\060}{section.3}% 7
\BOOKMARK [2][-]{subsection.3.4}{\376\377\060\352\060\342\060\374\060\310\060\242\060\257\060\277\060\374\060\150\122\006\226\342\060\263\060\363\060\321\060\244\060\353}{section.3}% 8
\BOOKMARK [2][-]{subsection.3.5}{\376\377\000b\000e\000c\000o\000m\000e\000\040\060\150\211\007\145\160\133\237\210\305}{section.3}% 9
\BOOKMARK [2][-]{subsection.3.6}{\376\377\000s\000e\000s\000s\000i\000o\000n\000\040\000p\000r\000o\000t\000o\000c\000o\000l\000\040\060\170\060\156\146\007\150\074}{section.3}% 10
\BOOKMARK [1][-]{section.4}{\376\377\127\213\120\145\121\150\140\047\060\156\212\074\146\016\060\153\060\150\060\143\060\146\060\156\141\017\124\163}{}% 11
\BOOKMARK [1][-]{section.5}{\376\377\145\342\133\130\212\000\212\236\060\157\060\151\060\106\060\127\060\146\060\104\060\213\060\113}{}% 12
\BOOKMARK [1][-]{section.6}{\376\377\133\237\210\305}{}% 13
\BOOKMARK [2][-]{subsection.6.1}{\376\377\000\040\060\156\210\150}{section.6}% 14
\BOOKMARK [2][-]{subsection.6.2}{\376\377\0001\000\040\060\321\060\271\166\356\377\032\000\040\060\156\170\272\117\335\060\150\000\040\000d\000e\000f\000a\000u\000l\000t\000i\000n\000g}{section.6}% 15
\BOOKMARK [2][-]{subsection.6.3}{\376\377\0002\000\040\060\321\060\271\166\356\377\032\000r\000e\000p\000l\000y\000\040\060\156\123\130\166\370\147\137\176\033}{section.6}% 16
\BOOKMARK [2][-]{subsection.6.4}{\376\377\220\001\117\341\127\060\160\271}{section.6}% 17
\BOOKMARK [1][-]{section.7}{\376\377\142\073\060\212\120\044\127\213\154\350\221\310\000\040\000m\000e\000t\000h\000o\000d\000\040\000m\000\050\000x\000\051\000\040\000:\000\040\000T}{}% 18
\BOOKMARK [2][-]{subsection.7.1}{\376\377\133\127\123\345\060\373\151\313\145\207\060\373\000A\000S\000T}{section.7}% 19
\BOOKMARK [2][-]{subsection.7.2}{\376\377\127\213\151\034\147\373\060\170\060\156\123\315\146\040}{section.7}% 20
\BOOKMARK [2][-]{subsection.7.3}{\376\377\121\150\060\321\060\271\210\253\211\206\151\034\147\373}{section.7}% 21
\BOOKMARK [2][-]{subsection.7.4}{\376\377\123\314\145\271\124\021\127\213\116\330\060\121\377\032\133\243\212\000\127\213\060\222\137\017\060\170\155\101\060\131}{section.7}% 22
\BOOKMARK [1][-]{section.8}{\376\377\060\352\060\342\060\374\060\310\130\203\165\114\060\147\060\156\154\350\221\310\137\305\230\010\123\026}{}% 23
\BOOKMARK [2][-]{subsection.8.1}{\376\377\130\203\165\114\060\222\225\213\060\104\060\146\060\104\060\213\060\156\060\157\000\040\000w\000e\000b\000\137\000e\000x\000p\000o\000s\000e\000\040\060\147\060\157\060\152\060\104}{section.8}% 24
\BOOKMARK [2][-]{subsection.8.2}{\376\377\145\342\133\130\060\263\060\374\060\311\060\156\171\373\210\114}{section.8}% 25
\BOOKMARK [2][-]{subsection.8.3}{\376\377\166\172\211\213\377\032\000s\000e\000l\000e\000c\000t\000\040\060\156\000\040\000c\000a\000s\000e\000\040\147\054\117\123\060\156\000\040\000r\000e\000p\000l\000y\000\040\060\157\122\045\060\156\060\341\060\303\060\273\060\374\060\270\060\153\217\324\060\213}{section.8}% 26
\BOOKMARK [1][-]{section.9}{\376\377\133\237\210\114\060\127\060\146\122\006\060\113\060\143\060\137\060\123\060\150\377\032\212\125\117\241\126\150\060\114\127\213\151\034\147\373\126\150\060\150\230\337\060\104\220\125\060\143\060\146\060\104\060\137}{}% 27
\BOOKMARK [2][-]{subsection.9.1}{\376\377\117\356\153\143}{section.9}% 28
\BOOKMARK [2][-]{subsection.9.2}{\376\377\153\213\060\213\230\337\060\104\220\125\060\104\060\150\060\001\060\135\060\156\130\203\165\114}{section.9}% 29
\BOOKMARK [1][-]{section.10}{\376\377\122\157\165\043\162\151\377\032\000p\000i\000c\000k\000\137\000o\000v\000e\000r\000l\000o\000a\000d\000\040\060\156\000\040\0002\000\040\060\144\060\156\153\040\226\145}{}% 30
\BOOKMARK [1][-]{section.11}{\376\377\127\213\133\211\121\150\140\047\060\222\060\125\060\211\060\153\116\012\060\122\060\213\377\032\0003\000\040\060\144\060\156\217\375\122\240}{}% 31
\BOOKMARK [2][-]{subsection.11.1}{\376\377\000s\000e\000l\000e\000c\000t\000\040\060\321\060\277\060\374\060\363\060\222\060\341\060\275\060\303\060\311\177\162\124\015\060\153\161\147\124\010\060\131\060\213}{section.11}% 32
\BOOKMARK [2][-]{subsection.11.2}{\376\377\000r\000e\000p\000l\000y\000\040\060\156\175\332\137\142\140\047}{section.11}% 33
\BOOKMARK [2][-]{subsection.11.3}{\376\377\127\213\060\150\133\237\210\114\120\044\060\156\135\356\122\006\060\306\060\271\060\310}{section.11}% 34
\BOOKMARK [1][-]{section.12}{\376\377\145\207\133\127\122\027\220\043\175\120\060\222\000\040\000+\000+\000\040\060\153\122\006\226\342\060\131\060\213}{}% 35
\BOOKMARK [2][-]{subsection.12.1}{\376\377\131\011\146\364}{section.12}% 36
\BOOKMARK [2][-]{subsection.12.2}{\376\377\145\342\133\130\060\263\060\374\060\311\060\156\171\373\210\114}{section.12}% 37
\BOOKMARK [2][-]{subsection.12.3}{\376\377\060\151\060\123\060\176\060\147\155\210\060\110\060\137\060\113}{section.12}% 38
\BOOKMARK [1][-]{section.13}{\376\377\116\356\137\025\145\160\060\156\175\120\175\332\060\150\060\001\146\326\146\047\140\047\060\156\123\263\150\074\123\026}{}% 39
\BOOKMARK [2][-]{subsection.13.1}{\376\377\156\054\060\143\060\146\230\006\136\217\060\222\154\172\060\201\060\213}{section.13}% 40
\BOOKMARK [2][-]{subsection.13.2}{\376\377\146\326\146\047\000\040\000o\000v\000e\000r\000l\000o\000a\000d\000\040\060\222\060\250\060\351\060\374\060\153\060\131\060\213}{section.13}% 41
\BOOKMARK [2][-]{subsection.13.3}{\376\377\116\356\137\025\145\160\060\222\177\162\124\015\060\153\175\120\175\332\060\131\060\213}{section.13}% 42
\BOOKMARK [1][-]{section.14}{\376\377\133\237\232\023}{}% 43
\BOOKMARK [2][-]{subsection.14.1}{\376\377\060\265\060\363\060\327\060\353}{section.14}% 44
\BOOKMARK [2][-]{subsection.14.2}{\376\377\220\000\210\114\212\146\232\023}{section.14}% 45
\BOOKMARK [2][-]{subsection.14.3}{\376\377\127\213\060\150\133\237\210\114\120\044\060\156\135\356\122\006\060\306\060\271\060\310}{section.14}% 46
\BOOKMARK [2][-]{subsection.14.4}{\376\377\127\213\151\034\147\373\060\156\220\000\210\114}{section.14}% 47
\BOOKMARK [1][-]{section.15}{\376\377\153\213\060\213\226\120\165\114}{}% 48
\BOOKMARK [1][-]{section.16}{\376\377\175\120\212\326\060\150\153\041\060\156\116\000\153\151}{}% 49
\BOOKMARK [1][-]{appendix.A}{\376\377\060\265\060\363\060\327\060\353\121\150\145\207\060\150\133\237\210\114\175\120\147\234}{}% 50
\BOOKMARK [2][-]{subsection.A.1}{\376\377\000s\0001\000\137\000o\000k\000.\000a\000i\000p\000l\000\040\040\024\000\040\000r\000e\000p\000l\000y\000\040\060\113\060\211\060\156\143\250\212\326}{appendix.A}% 51
\BOOKMARK [2][-]{subsection.A.2}{\376\377\000s\0002\000\137\000m\000i\000s\000s\000i\000n\000g\000\137\000r\000e\000p\000l\000y\000.\000a\000i\000p\000l\000\040\040\024\000\040\000r\000e\000p\000l\000y\000\040\060\156\146\370\060\115\137\330\060\214}{appendix.A}% 52
\BOOKMARK [2][-]{subsection.A.3}{\376\377\000s\0003\000\137\000c\000o\000n\000f\000l\000i\000c\000t\000.\000a\000i\000p\000l\000\040\040\024\000\040\122\006\134\220\060\124\060\150\060\153\165\160\060\152\060\213\127\213\060\222\000\040\000r\000e\000p\000l\000y}{appendix.A}% 53
\BOOKMARK [2][-]{subsection.A.4}{\376\377\000s\0004\000\137\000c\000h\000a\000i\000n\000.\000a\000i\000p\000l\000\040\040\024\000\040\060\242\060\257\060\277\060\374\060\222\215\350\060\104\060\140\117\035\144\255}{appendix.A}% 54
\BOOKMARK [2][-]{subsection.A.5}{\376\377\000s\0005\000\137\000o\000v\000e\000r\000l\000o\000a\000d\000\137\000a\000m\000b\000i\000g\000u\000i\000t\000y\000.\000a\000i\000p\000l\000\040\040\024\000\040\000p\000r\000i\000n\000c\000i\000p\000a\000l\000\040\000t\000y\000p\000e\000\040\060\114\161\041\060\104\117\213}{appendix.A}% 55
\BOOKMARK [2][-]{subsection.A.6}{\376\377\000s\0006\000\137\000u\000s\000a\000b\000l\000e\000\137\000r\000e\000s\000u\000l\000t\000.\000a\000i\000p\000l\000\040\040\024\000\040\220\032\060\213\060\210\060\106\060\153\060\152\060\143\060\137\153\143\060\127\060\104\060\327\060\355\060\260\060\351\060\340}{appendix.A}% 56
\BOOKMARK [2][-]{subsection.A.7}{\376\377\000s\0007\000\137\000a\000n\000n\000o\000t\000a\000t\000i\000o\000n\000\137\000o\000k\000.\000a\000i\000p\000l\000\040\040\024\000\040\154\350\221\310\060\114\143\250\212\326\060\222\122\251\060\121\060\213}{appendix.A}% 57
\BOOKMARK [2][-]{subsection.A.8}{\376\377\000s\0008\000\137\000a\000n\000n\000o\000t\000a\000t\000i\000o\000n\000\137\000c\000o\000n\000f\000l\000i\000c\000t\000.\000a\000i\000p\000l\000\040\040\024\000\040\133\243\212\000\060\150\230\337\060\104\220\125\060\106\000\040\000r\000e\000p\000l\000y}{appendix.A}% 58
\BOOKMARK [2][-]{subsection.A.9}{\376\377\000s\0009\000\137\000m\000i\000s\000s\000i\000n\000g\000\137\000p\000a\000t\000h\000.\000a\000i\000p\000l\000\040\040\024\000\040\121\150\060\321\060\271\210\253\211\206\151\034\147\373}{appendix.A}% 59
\BOOKMARK [2][-]{subsection.A.10}{\376\377\000s\0001\0000\000\137\000e\000x\000p\000o\000s\000e\000\137\000u\000n\000a\000n\000n\000o\000t\000a\000t\000e\000d\000.\000a\000i\000p\000l\000\040\040\024\000\040\060\352\060\342\060\374\060\310\130\203\165\114\060\147\060\156\154\350\221\310\137\305\230\010}{appendix.A}% 60
\BOOKMARK [2][-]{subsection.A.11}{\376\377\000s\0001\0001\000\137\000s\000e\000r\000v\000i\000c\000e\000.\000a\000i\000p\000l\000\040\040\024\000\040\217\375\122\240\152\137\200\375\060\222\116\000\220\032\060\212\117\177\060\106}{appendix.A}% 61
\BOOKMARK [2][-]{subsection.A.12}{\376\377\000s\0001\0002\000\137\000s\000e\000r\000v\000i\000c\000e\000\137\000e\000x\000p\000o\000s\000e\000d\000.\000a\000i\000p\000l\000\040\040\024\000\040\124\014\060\130\060\202\060\156\060\222\131\026\220\350\121\154\225\213\060\131\060\213}{appendix.A}% 62
\BOOKMARK [2][-]{subsection.A.13}{\376\377\000s\0001\0003\000\137\000r\000u\000n\000t\000i\000m\000e\000\137\000m\000i\000s\000m\000a\000t\000c\000h\000.\000a\000i\000p\000l\000\040\040\024\000\040\127\213\151\034\147\373\126\150\060\150\212\125\117\241\126\150\060\156\230\337\060\104\220\125\060\104}{appendix.A}% 63
\BOOKMARK [2][-]{subsection.A.14}{\376\377\000s\0001\0004\000\137\000s\000e\000l\000e\000c\000t\000\137\000p\000a\000t\000t\000e\000r\000n\000.\000a\000i\000p\000l\000\040\040\024\000\040\000s\000e\000l\000e\000c\000t\000\040\060\321\060\277\060\374\060\363\060\156\161\147\124\010}{appendix.A}% 64
\BOOKMARK [2][-]{subsection.A.15}{\376\377\000s\0001\0005\000\137\000d\000o\000u\000b\000l\000e\000\137\000r\000e\000p\000l\000y\000.\000a\000i\000p\000l\000\040\040\024\000\040\000r\000e\000p\000l\000y\000\040\060\156\175\332\137\142\140\047}{appendix.A}% 65
\BOOKMARK [2][-]{subsection.A.16}{\376\377\000s\0001\0006\000\137\000c\000o\000n\000c\000a\000t\000.\000a\000i\000p\000l\000\040\040\024\000\040\145\207\133\127\122\027\220\043\175\120\000\040\000+\000+\000\040\060\150\145\160\120\044\000\040\000+}{appendix.A}% 66
\BOOKMARK [1][-]{appendix.B}{\376\377\127\213\151\034\147\373\060\311\060\351\060\244\060\320\000\040\000t\000c\000\137\000m\000a\000i\000n\000.\000m\000l}{}% 67
\BOOKMARK [1][-]{appendix.C}{\376\377\131\011\146\364\060\325\060\241\060\244\060\353}{}% 68
\BOOKMARK [1][-]{appendix.D}{\376\377\123\302\161\147}{}% 69
