\BOOKMARK [1][-]{section.1}{\376\377\060\157\060\130\060\201\060\153}{}% 1
\BOOKMARK [1][-]{section.2}{\376\377\200\314\146\157}{}% 2
\BOOKMARK [2][-]{subsection.2.1}{\376\377\000A\000B\000C\000L\000/\0001}{section.2}% 3
\BOOKMARK [2][-]{subsection.2.2}{\376\377\127\213\164\006\212\326\166\204\060\152\127\372\171\016\060\145\060\121\040\024\040\024\134\017\147\227\060\156\174\373\213\134}{section.2}% 4
\BOOKMARK [2][-]{subsection.2.3}{\376\377\000A\000B\000C\000L\000/\000f}{section.2}% 5
\BOOKMARK [1][-]{section.3}{\376\377\000A\000I\000P\000L\000\040\060\156\212\055\212\010}{}% 6
\BOOKMARK [2][-]{subsection.3.1}{\376\377\116\011\060\144\060\156\212\055\212\010\143\007\221\335}{section.3}% 7
\BOOKMARK [2][-]{subsection.3.2}{\376\377\151\313\145\207}{section.3}% 8
\BOOKMARK [2][-]{subsection.3.3}{\376\377\116\011\172\056\060\156\220\001\117\341}{section.3}% 9
\BOOKMARK [2][-]{subsection.3.4}{\376\377\000r\000e\000p\000l\000y\000\040\060\150\000\040\000s\000e\000n\000d\000e\000r}{section.3}% 10
\BOOKMARK [2][-]{subsection.3.5}{\376\377\000r\000e\000p\000l\000y\000\040\060\113\060\211\060\156\142\073\060\212\120\044\127\213\143\250\212\326}{section.3}% 11
\BOOKMARK [2][-]{subsection.3.6}{\376\377\127\213}{section.3}% 12
\BOOKMARK [2][-]{subsection.3.7}{\376\377\122\271\147\234}{section.3}% 13
\BOOKMARK [2][-]{subsection.3.8}{\376\377\147\037\226\120}{section.3}% 14
\BOOKMARK [2][-]{subsection.3.9}{\376\377\060\135\060\156\116\326\060\156\152\137\151\313}{section.3}% 15
\BOOKMARK [2][-]{subsection.3.10}{\376\377\000A\000B\000C\000L\000/\0001\000\040\060\113\060\211\204\075\060\150\060\127\060\137\060\202\060\156}{section.3}% 16
\BOOKMARK [1][-]{section.4}{\376\377\137\142\137\017\166\204\060\152\117\335\212\074}{}% 17
\BOOKMARK [2][-]{subsection.4.1}{\376\377\212\074\146\016\060\114\142\020\172\313\060\131\060\213\173\304\126\362\060\222\122\007\060\212\121\372\060\131}{section.4}% 18
\BOOKMARK [2][-]{subsection.4.2}{\376\377\116\073\133\232\164\006}{section.4}% 19
\BOOKMARK [2][-]{subsection.4.3}{\376\377\175\031\060\156\116\012\060\156\212\074\146\016\000\040\040\024\000-\000\040\000A\000I\000P\000L\000-\0002}{section.4}% 20
\BOOKMARK [2][-]{subsection.4.4}{\376\377\152\137\150\260\151\034\212\074\060\153\153\213\060\143\060\146\060\104\060\213\117\134\151\155}{section.4}% 21
\BOOKMARK [2][-]{subsection.4.5}{\376\377\152\137\150\260\151\034\212\074\060\156\162\266\141\113}{section.4}% 22
\BOOKMARK [1][-]{section.5}{\376\377\133\237\163\376}{}% 23
\BOOKMARK [2][-]{subsection.5.1}{\376\377\116\011\060\144\060\156\121\346\164\006\174\373}{section.5}% 24
\BOOKMARK [2][-]{subsection.5.2}{\376\377\000O\000C\000a\000m\000l\000\040\162\110\060\156\151\313\142\020}{section.5}% 25
\BOOKMARK [2][-]{subsection.5.3}{\376\377\116\011\133\237\210\305\060\222\143\303\060\110\175\232\060\121\060\213}{section.5}% 26
\BOOKMARK [1][-]{section.6}{\376\377\212\125\117\241}{}% 27
\BOOKMARK [2][-]{subsection.6.1}{\376\377\127\213\151\034\147\373\060\114\143\125\060\176\060\110\060\213\060\202\060\156}{section.6}% 28
\BOOKMARK [2][-]{subsection.6.2}{\376\377\116\011\133\237\210\305\060\156\116\000\201\364}{section.6}% 29
\BOOKMARK [2][-]{subsection.6.3}{\376\377\121\372\122\233\060\156\227\136\154\172\133\232\140\047\060\222\133\232\221\317\123\026\060\131\060\213}{section.6}% 30
\BOOKMARK [2][-]{subsection.6.4}{\376\377\137\334\165\050}{section.6}% 31
\BOOKMARK [1][-]{section.7}{\376\377\163\376\162\266\060\156\226\120\165\114}{}% 32
\BOOKMARK [2][-]{subsection.7.1}{\376\377\122\271\147\234\117\035\144\255\060\156\172\164\040\024\040\024\000f\000u\000t\000u\000r\000e\000+\000a\000w\000a\000i\000t\000\040\060\114\151\034\147\373\060\222\220\003\060\214\060\213\377\010\117\356\153\143\156\010\060\177\377\011}{section.7}% 33
\BOOKMARK [2][-]{subsection.7.2}{\376\377\060\242\060\257\060\277\060\374\127\213\060\114\123\072\122\045\060\125\060\214\060\152\060\104\377\010\117\356\153\143\156\010\060\177\377\011}{section.7}% 34
\BOOKMARK [2][-]{subsection.7.3}{\376\377\137\076\060\113\060\214\060\213\060\171\060\115\060\327\060\355\060\260\060\351\060\340\060\222\214\307\165\043\060\153\060\131\060\213}{section.7}% 35
\BOOKMARK [2][-]{subsection.7.4}{\376\377\116\011\133\237\210\305\060\222\116\046\060\171\060\146\122\035\060\201\060\146\211\213\060\110\060\137\060\202\060\156}{section.7}% 36
\BOOKMARK [2][-]{subsection.7.5}{\376\377\060\135\060\156\116\326}{section.7}% 37
\BOOKMARK [1][-]{section.8}{\376\377\134\017\147\227\170\024\172\166\060\222\060\151\060\106\123\326\060\212\217\274\060\200\060\113}{}% 38
\BOOKMARK [1][-]{section.9}{\376\377\225\242\220\043\170\024\172\166}{}% 39
\BOOKMARK [1][-]{section.10}{\376\377\060\112\060\217\060\212\060\153}{}% 40
