\BOOKMARK [0][-]{part.1}{\376\377\173\054\000I\220\350\000\040\060\157\060\130\060\201\060\153}{}% 1
\BOOKMARK [1][-]{section.1}{\376\377\000A\000I\000P\000L\000\040\060\150\060\157}{part.1}% 2
\BOOKMARK [1][-]{section.2}{\376\377\116\011\060\144\060\156\227\131\166\204\060\152\116\325\175\104\060\177}{part.1}% 3
\BOOKMARK [2][-]{subsection.2.1}{\376\377\127\213\000\040\040\024\000\040\117\125\060\222\217\324\060\131\060\113}{section.2}% 4
\BOOKMARK [2][-]{subsection.2.2}{\376\377\122\271\147\234\000\040\040\024\000\040\116\026\165\114\060\153\117\125\060\222\060\131\060\213\060\113}{section.2}% 5
\BOOKMARK [2][-]{subsection.2.3}{\376\377\147\037\226\120\000\040\040\024\000\040\060\104\060\144\060\176\060\147\137\205\060\144\060\113}{section.2}% 6
\BOOKMARK [1][-]{section.3}{\376\377\0005\000\040\122\006\060\147\122\325\060\113\060\131}{part.1}% 7
\BOOKMARK [2][-]{subsection.3.1}{\376\377\121\346\164\006\174\373\060\156\060\323\060\353\060\311}{section.3}% 8
\BOOKMARK [2][-]{subsection.3.2}{\376\377\060\327\060\355\060\260\060\351\060\340\060\222\215\160\060\211\060\133\060\213}{section.3}% 9
\BOOKMARK [2][-]{subsection.3.3}{\376\377\127\213\151\034\147\373\060\140\060\121\060\222\215\160\060\211\060\133\060\213}{section.3}% 10
\BOOKMARK [0][-]{part.2}{\376\377\173\054\000I\000I\220\350\000\040\212\000\212\236\060\254\060\244\060\311}{}% 11
\BOOKMARK [1][-]{section.4}{\376\377\060\327\060\355\060\260\060\351\060\340\060\156\151\313\142\020}{part.2}% 12
\BOOKMARK [1][-]{section.5}{\376\377\133\127\123\345}{part.2}% 13
\BOOKMARK [1][-]{section.6}{\376\377\127\213}{part.2}% 14
\BOOKMARK [1][-]{section.7}{\376\377\137\017}{part.2}% 15
\BOOKMARK [2][-]{subsection.7.1}{\376\377\121\052\121\110\230\006\117\115}{section.7}% 16
\BOOKMARK [2][-]{subsection.7.2}{\376\377\000+\000\040\060\150\000\040\000+\000+\000\040\060\222\155\367\124\014\060\127\060\152\060\104}{section.7}% 17
\BOOKMARK [2][-]{subsection.7.3}{\376\377\146\326\146\047\060\152\060\252\060\374\060\320\060\374\060\355\060\374\060\311}{section.7}% 18
\BOOKMARK [1][-]{section.8}{\376\377\145\207}{part.2}% 19
\BOOKMARK [1][-]{section.9}{\376\377\060\242\060\257\060\277\060\374\060\150\220\032\117\341}{part.2}% 20
\BOOKMARK [2][-]{subsection.9.1}{\376\377\116\011\060\144\060\156\220\001\117\341}{section.9}% 21
\BOOKMARK [2][-]{subsection.9.2}{\376\377\000r\000e\000p\000l\000y}{section.9}% 22
\BOOKMARK [2][-]{subsection.9.3}{\376\377\000s\000e\000l\000e\000c\000t}{section.9}% 23
\BOOKMARK [1][-]{section.10}{\376\377\147\037\226\120\116\330\060\115\060\156\137\205\060\141}{part.2}% 24
\BOOKMARK [2][-]{subsection.10.1}{\376\377\060\152\060\134\137\305\211\201\060\113}{section.10}% 25
\BOOKMARK [2][-]{subsection.10.2}{\376\377\211\217\122\107}{section.10}% 26
\BOOKMARK [2][-]{subsection.10.3}{\376\377\127\213\120\145\121\150\140\047\060\150\060\156\225\242\117\302}{section.10}% 27
\BOOKMARK [1][-]{section.11}{\376\377\122\271\147\234}{part.2}% 28
\BOOKMARK [2][-]{subsection.11.1}{\376\377\0008\000\040\172\056\230\136\060\156\122\271\147\234}{section.11}% 29
\BOOKMARK [2][-]{subsection.11.2}{\376\377\146\370\060\115\145\271}{section.11}% 30
\BOOKMARK [2][-]{subsection.11.3}{\376\377\117\125\060\114\122\271\147\234\060\153\060\152\060\213\060\113}{section.11}% 31
\BOOKMARK [2][-]{subsection.11.4}{\376\377\060\123\060\214\060\147\117\125\060\114\171\201\153\142\060\147\060\115\060\213\060\113}{section.11}% 32
\BOOKMARK [1][-]{section.12}{\376\377\127\213\151\034\147\373\060\114\211\213\060\213\060\202\060\156}{part.2}% 33
\BOOKMARK [1][-]{section.13}{\376\377\131\026\220\350\121\154\225\213}{part.2}% 34
\BOOKMARK [1][-]{section.14}{\376\377\175\104\217\274\060\177\225\242\145\160\060\150\060\001\060\135\060\156\122\271\147\234}{part.2}% 35
\BOOKMARK [0][-]{part.3}{\376\377\173\054\000I\000I\000I\220\350\000\040\060\265\060\363\060\327\060\353\060\327\060\355\060\260\060\351\060\340}{}% 36
\BOOKMARK [1][-]{section.15}{\376\377\000g\0001\000:\000\040\060\257\060\351\060\271\060\373\060\325\060\243\060\374\060\353\060\311\060\373\000s\000e\000n\000d\060\373\145\207\133\127\122\027\220\043\175\120}{part.3}% 37
\BOOKMARK [1][-]{section.16}{\376\377\000g\0002\000:\000\040\000n\000o\000w\000\040\000/\000\040\000f\000u\000t\000u\000r\000e\000\040\000/\000\040\000a\000w\000a\000i\000t\000\040\060\150\154\350\221\310}{part.3}% 38
\BOOKMARK [1][-]{section.17}{\376\377\000g\0003\000:\000\040\211\007\145\160\060\242\060\257\060\277\060\374\060\150\060\001\060\242\060\257\060\277\060\374\060\222\215\350\060\104\060\140\000\040\000n\000o\000w}{part.3}% 39
\BOOKMARK [1][-]{section.18}{\376\377\000g\0004\000:\000\040\000s\000e\000l\000e\000c\000t\000\040\060\150\000\040\000r\000e\000p\000l\000y\000\040\060\156\136\060\134\136}{part.3}% 40
\BOOKMARK [1][-]{section.19}{\376\377\000g\0005\000:\000\040\131\026\220\350\121\154\225\213\060\150\154\350\221\310\060\156\137\305\230\010\123\026}{part.3}% 41
\BOOKMARK [1][-]{section.20}{\376\377\000g\0006\000:\000\040\122\271\147\234\154\350\221\310\060\150\117\035\144\255}{part.3}% 42
\BOOKMARK [1][-]{section.21}{\376\377\000g\0007\000:\000\040\147\037\226\120\116\330\060\115\000\040\000n\000o\000w\000\040\000/\000\040\000a\000w\000a\000i\000t}{part.3}% 43
\BOOKMARK [1][-]{section.22}{\376\377\000g\0008\000:\000\040\173\111\120\044\153\324\217\003\060\373\123\130\230\005\060\336\060\244\060\312\060\271\060\373\167\037\120\175\120\044\060\352\060\306\060\351\060\353}{part.3}% 44
\BOOKMARK [1][-]{section.23}{\376\377\214\240\117\213\060\156\116\000\211\247}{part.3}% 45
\BOOKMARK [0][-]{part.4}{\376\377\173\054\000I\000V\220\350\000\040\060\323\060\353\060\311\060\150\133\237\210\114}{}% 46
\BOOKMARK [1][-]{section.24}{\376\377\121\346\164\006\174\373\060\156\060\323\060\353\060\311}{part.4}% 47
\BOOKMARK [1][-]{section.25}{\376\377\060\327\060\355\060\260\060\351\060\340\060\156\133\237\210\114}{part.4}% 48
\BOOKMARK [1][-]{section.26}{\376\377\127\213\151\034\147\373\060\140\060\121\060\222\215\160\060\211\060\133\060\213}{part.4}% 49
\BOOKMARK [1][-]{section.27}{\376\377\127\213\060\150\133\237\210\114\120\044\060\156\135\356\122\006\060\306\060\271\060\310}{part.4}% 50
\BOOKMARK [1][-]{section.28}{\376\377\164\260\130\203\131\011\145\160}{part.4}% 51
\BOOKMARK [0][-]{part.5}{\376\377\173\054\000V\220\350\000\040\116\330\223\062}{}% 52
\BOOKMARK [1][-]{section.29}{\376\377\145\207\154\325\060\156\211\201\175\004}{part.5}% 53
\BOOKMARK [1][-]{section.30}{\376\377\121\346\164\006\174\373\060\156\164\260\130\203\131\011\145\160}{part.5}% 54
\BOOKMARK [1][-]{section.31}{\376\377\060\210\060\117\060\102\060\213\204\075\060\150\060\127\172\164}{part.5}% 55
\BOOKMARK [1][-]{section.32}{\376\377\163\376\162\266\060\156\226\120\165\114}{part.5}% 56
\BOOKMARK [1][-]{section.33}{\376\377\122\115\162\110\060\113\060\211\060\156\131\011\146\364\160\271}{part.5}% 57
\BOOKMARK [1][-]{section.34}{\376\377\225\242\220\043\145\207\146\370}{part.5}% 58
