\BOOKMARK [1][-]{section.1}{\376\377\060\157\060\130\060\201\060\153}{}% 1
\BOOKMARK [2][-]{subsection.1.1}{\376\377\000A\000I\000\040\060\250\060\374\060\270\060\247\060\363\060\310\060\153\060\157\127\213\060\114\161\041\060\104}{section.1}% 2
\BOOKMARK [2][-]{subsection.1.2}{\376\377\116\214\060\144\060\156\116\026\165\114\060\222\155\367\060\134\060\152\060\104}{section.1}% 3
\BOOKMARK [2][-]{subsection.1.3}{\376\377\116\214\060\144\060\156\156\220\155\101}{section.1}% 4
\BOOKMARK [2][-]{subsection.1.4}{\376\377\147\054\172\077\060\156\151\313\142\020}{section.1}% 5
\BOOKMARK [1][-]{section.2}{\376\377\000A\000I\000P\000L\000\040\060\156\163\376\127\050\060\156\131\377}{}% 6
\BOOKMARK [2][-]{subsection.2.1}{\376\377\060\242\060\257\060\277\060\374\060\150\060\341\060\303\060\273\060\374\060\270}{section.2}% 7
\BOOKMARK [2][-]{subsection.2.2}{\376\377\127\213\060\373\122\271\147\234\060\373\147\037\226\120}{section.2}% 8
\BOOKMARK [2][-]{subsection.2.3}{\376\377\116\003\060\144\060\156\211\217\137\213}{section.2}% 9
\BOOKMARK [2][-]{subsection.2.4}{\376\377\220\003\060\122\220\123}{section.2}% 10
\BOOKMARK [1][-]{section.3}{\376\377\000A\000B\000C\000L\000/\0001\000\040\060\156\152\137\200\375\060\150\060\001\060\135\060\156\143\241\124\046}{}% 11
\BOOKMARK [2][-]{subsection.3.1}{\376\377\116\011\172\056\060\156\060\341\060\303\060\273\060\374\060\270\220\001\117\341\000\040\040\024\060\020\143\241\060\213\060\021}{section.3}% 12
\BOOKMARK [2][-]{subsection.3.2}{\376\377\060\252\060\326\060\270\060\247\060\257\060\310\121\205\220\350\060\156\220\020\153\041\140\047\000\040\040\024\060\020\143\241\060\213\060\021}{section.3}% 13
\BOOKMARK [2][-]{subsection.3.3}{\376\377\000r\000e\000p\000l\000y\000\040\060\153\060\210\060\213\217\324\117\341\000\040\040\024\060\020\143\241\060\213\060\021}{section.3}% 14
\BOOKMARK [2][-]{subsection.3.4}{\376\377\217\324\117\341\121\110\060\156\116\000\175\032\140\047\000\040\040\024\060\020\143\241\060\213\060\021}{section.3}% 15
\BOOKMARK [2][-]{subsection.3.5}{\376\377\000e\000x\000p\000r\000e\000s\000s\000\040\000m\000o\000d\000e\000\040\060\153\060\210\060\213\122\162\060\212\217\274\060\177\000\040\040\024\060\020\204\075\060\150\060\131\060\021}{section.3}% 16
\BOOKMARK [2][-]{subsection.3.6}{\376\377\000s\000c\000r\000i\000p\000t\000\040\060\156\000\040\000w\000h\000e\000r\000e\000\040\060\254\060\374\060\311\000\040\040\024\060\020\204\075\060\150\060\131\060\021}{section.3}% 17
\BOOKMARK [2][-]{subsection.3.7}{\376\377\000A\000B\000C\000L\000/\0001\000\040\060\113\060\211\060\156\143\241\124\046\000\040\040\024\000\040\060\176\060\150\060\201}{section.3}% 18
\BOOKMARK [1][-]{section.4}{\376\377\134\017\147\227\060\211\060\156\127\213\060\267\060\271\060\306\060\340\060\156\152\137\200\375\060\150\060\001\060\135\060\156\143\241\124\046}{}% 19
\BOOKMARK [2][-]{subsection.4.1}{\376\377\214\307\156\220\117\177\165\050\211\343\147\220\377\010\122\271\147\234\377\011\040\024\060\020\143\241\060\213\060\021}{section.4}% 20
\BOOKMARK [2][-]{subsection.4.2}{\376\377\122\271\147\234\060\153\230\006\136\217\060\222\121\145\060\214\060\213\000\040\040\024\060\020\143\241\060\213\377\010\142\341\137\065\060\127\060\146\377\011\060\021}{section.4}% 21
\BOOKMARK [2][-]{subsection.4.3}{\376\377\060\265\060\244\060\272\127\213\060\373\174\276\210\375\127\213\000\040\040\024\060\020\174\227\060\104\116\343\165\050\060\150\060\127\060\146\143\241\060\213\060\021}{section.4}% 22
\BOOKMARK [2][-]{subsection.4.4}{\376\377\131\061\145\127\060\222\127\213\060\153\121\372\060\131\000\040\040\024\060\020\060\265\060\244\060\272\127\213\060\156\116\343\165\050\060\156\172\164\060\222\130\136\060\120\060\021}{section.4}% 23
\BOOKMARK [2][-]{subsection.4.5}{\376\377\175\332\137\142\127\213\000\040\040\024\060\020\143\241\060\213\060\021}{section.4}% 24
\BOOKMARK [2][-]{subsection.4.6}{\376\377\060\307\060\303\060\311\060\355\060\303\060\257\201\352\165\061\060\152\127\213\060\267\060\271\060\306\060\340\000\040\040\024\060\020\143\241\060\213\060\021}{section.4}% 25
\BOOKMARK [2][-]{subsection.4.7}{\376\377\116\244\135\356\127\213\060\153\060\210\060\213\232\330\226\216\060\342\060\307\060\353\151\034\147\373\000\040\040\024\060\020\204\075\060\150\060\131\060\021}{section.4}% 26
\BOOKMARK [2][-]{subsection.4.8}{\376\377\131\032\166\370\060\341\060\275\060\303\060\311\000\040\040\024\060\020\204\075\060\150\060\131\060\021}{section.4}% 27
\BOOKMARK [2][-]{subsection.4.9}{\376\377\133\214\121\150\060\152\142\100\147\011\152\051\060\156\127\213\060\267\060\271\060\306\060\340\000\040\040\024\060\020\204\075\060\150\060\131\060\021}{section.4}% 28
\BOOKMARK [2][-]{subsection.4.10}{\376\377\134\017\147\227\060\156\174\373\213\134\060\113\060\211\060\156\143\241\124\046\000\040\040\024\000\040\060\176\060\150\060\201}{section.4}% 29
\BOOKMARK [1][-]{section.5}{\376\377\060\151\060\141\060\211\060\156\156\220\155\101\060\153\060\202\161\041\060\104\060\202\060\156}{}% 30
\BOOKMARK [2][-]{subsection.5.1}{\376\377\060\273\060\303\060\267\060\347\060\363\127\213\000\040\040\024\060\020\143\241\060\213\060\021}{section.5}% 31
\BOOKMARK [2][-]{subsection.5.2}{\376\377\214\307\156\220\060\170\060\156\121\150\117\123\230\006\136\217\000\040\040\024\060\020\143\241\060\213\060\021}{section.5}% 32
\BOOKMARK [2][-]{subsection.5.3}{\376\377\060\341\060\303\060\267\060\345\221\115\120\231\000\040\040\024\060\020\143\241\060\213\060\021}{section.5}% 33
\BOOKMARK [1][-]{section.6}{\376\377\143\241\124\046\060\156\133\376\137\334\210\150}{}% 34
\BOOKMARK [1][-]{section.7}{\376\377\060\307\060\303\060\311\060\355\060\303\060\257\000\040\040\024\000\040\126\333\060\144\060\156\175\114\215\357\060\150\060\001\060\135\060\214\060\136\060\214\060\156\220\123\121\167}{}% 35
\BOOKMARK [2][-]{subsection.7.1}{\376\377\137\252\164\260\137\205\060\141\060\156\227\131\166\204\151\034\147\373}{section.7}% 36
\BOOKMARK [2][-]{subsection.7.2}{\376\377\126\333\060\144\060\156\175\114\215\357}{section.7}% 37
\BOOKMARK [2][-]{subsection.7.3}{\376\377\126\333\060\144\060\150\060\202\127\213\060\147\142\274\060\125\060\110\060\213}{section.7}% 38
\BOOKMARK [2][-]{subsection.7.4}{\376\377\060\014\117\335\212\074\060\147\060\115\060\213\060\015\060\150\212\000\060\106\060\137\060\201\060\156\147\141\116\366}{section.7}% 39
\BOOKMARK [2][-]{subsection.7.5}{\376\377\175\114\215\357\000\040\0003\000\040\040\024\000\040\000s\000e\000l\000e\000c\000t\000\040\060\156\137\205\060\141}{section.7}% 40
\BOOKMARK [2][-]{subsection.7.6}{\376\377\060\316\060\374\060\311\060\222\060\176\060\137\060\120\137\205\060\141}{section.7}% 41
\BOOKMARK [1][-]{section.8}{\376\377\127\213\116\330\060\115\000\040\000A\000I\000\040\060\250\060\374\060\270\060\247\060\363\060\310\060\222\146\370\060\117}{}% 42
\BOOKMARK [2][-]{subsection.8.1}{\376\377\116\011\137\171\060\156\060\321\060\244\060\327\060\351\060\244\060\363}{section.8}% 43
\BOOKMARK [2][-]{subsection.8.2}{\376\377\117\125\060\114\153\142\060\176\060\213\060\113\000\040\040\024\000\040\126\333\060\144\060\150\060\202\130\312\060\127\060\146\060\177\060\137}{section.8}% 44
\BOOKMARK [2][-]{subsection.8.3}{\376\377\133\237\162\151\060\156\000\040\000c\000o\000r\000p\000u\000s\000\040\060\157\060\151\060\106\060\140\060\143\060\137\060\113}{section.8}% 45
\BOOKMARK [2][-]{subsection.8.4}{\376\377\211\213\060\110\060\152\060\104\060\150\060\123\060\215}{section.8}% 46
\BOOKMARK [1][-]{section.9}{\376\377\116\343\210\150\166\204\060\152\060\265\060\363\060\327\060\353\060\327\060\355\060\260\060\351\060\340}{}% 47
\BOOKMARK [2][-]{subsection.9.1}{\376\377\000s\0000\0001\000\040\040\024\000\040\060\242\060\257\060\277\060\374\060\156\127\372\147\054}{section.9}% 48
\BOOKMARK [2][-]{subsection.9.2}{\376\377\000s\0000\0002\000\040\040\024\000\040\116\011\172\056\060\156\220\001\117\341}{section.9}% 49
\BOOKMARK [2][-]{subsection.9.3}{\376\377\000s\0000\0003\000\040\040\024\000\040\000r\000e\000p\000l\000y\000\040\060\156\211\217\137\213}{section.9}% 50
\BOOKMARK [2][-]{subsection.9.4}{\376\377\000s\0000\0004\000\040\040\024\000\040\122\271\147\234}{section.9}% 51
\BOOKMARK [2][-]{subsection.9.5}{\376\377\000s\0000\0005\000\040\040\024\000\040\147\037\226\120}{section.9}% 52
\BOOKMARK [2][-]{subsection.9.6}{\376\377\000s\0000\0006\000\040\040\024\000\040\133\237\146\102\225\223\120\164\060\156\226\062\130\301}{section.9}% 53
\BOOKMARK [2][-]{subsection.9.7}{\376\377\000s\0000\0007\000\040\040\024\000\040\000s\000e\000l\000e\000c\000t}{section.9}% 54
\BOOKMARK [2][-]{subsection.9.8}{\376\377\000s\0000\0008\000\040\040\024\000\040\162\266\141\113\152\137\150\260}{section.9}% 55
\BOOKMARK [2][-]{subsection.9.9}{\376\377\000s\0000\0009\000\040\040\024\000\040\060\242\060\257\060\277\060\374\060\222\137\025\145\160\060\153\156\041\060\131}{section.9}% 56
\BOOKMARK [2][-]{subsection.9.10}{\376\377\000s\0001\0000\000\040\040\024\000\040\116\011\153\265\060\156\060\321\060\244\060\327\060\351\060\244\060\363}{section.9}% 57
\BOOKMARK [2][-]{subsection.9.11}{\376\377\000s\0001\0001\000\040\040\024\000\040\060\341\060\303\060\267\060\345\060\170\060\156\221\115\120\231}{section.9}% 58
\BOOKMARK [2][-]{subsection.9.12}{\376\377\000s\0001\0002\000\040\040\024\000\040\131\061\145\127\060\222\127\213\060\147\210\150\060\131}{section.9}% 59
\BOOKMARK [2][-]{subsection.9.13}{\376\377\000s\0001\0003\000\040\040\024\000\040\214\307\156\220\060\156\123\326\137\227\060\150\211\343\145\076}{section.9}% 60
\BOOKMARK [2][-]{subsection.9.14}{\376\377\000s\0001\0004\000\040\040\024\000\040\217\324\117\341\121\110\060\156\131\324\213\162}{section.9}% 61
\BOOKMARK [2][-]{subsection.9.15}{\376\377\000s\0001\0005\000\040\040\024\000\040\177\251\122\331\060\354\060\331\060\353}{section.9}% 62
\BOOKMARK [2][-]{subsection.9.16}{\376\377\000s\0001\0006\000\040\040\024\000\040\060\316\060\374\060\311\060\222\060\176\060\137\060\120\177\251\122\331\060\354\060\331\060\353}{section.9}% 63
\BOOKMARK [2][-]{subsection.9.17}{\376\377\000s\0001\0007\000\040\040\024\000\040\000s\000e\000l\000e\000c\000t\000\040\060\156\211\217\137\213}{section.9}% 64
\BOOKMARK [2][-]{subsection.9.18}{\376\377\000s\0001\0008\000\040\040\024\000\040\060\273\060\303\060\267\060\347\060\363\127\213}{section.9}% 65
\BOOKMARK [2][-]{subsection.9.19}{\376\377\000s\0001\0009\000\040\040\024\000\040\214\307\156\220\060\170\060\156\121\150\117\123\230\006\136\217}{section.9}% 66
\BOOKMARK [2][-]{subsection.9.20}{\376\377\000s\0002\0000\000\040\040\024\000\040\060\242\060\257\060\277\060\374\060\222\060\176\060\137\060\120\060\273\060\303\060\267\060\347\060\363}{section.9}% 67
\BOOKMARK [2][-]{subsection.9.21}{\376\377\0002\0000\000\040\147\054\060\222\220\032\060\127\060\146\211\213\060\110\060\213\060\123\060\150}{section.9}% 68
\BOOKMARK [1][-]{section.10}{\376\377\116\011\060\144\060\156\121\346\164\006\174\373\060\150\060\001\143\303\060\143\060\146\060\104\060\213\060\123\060\150\060\156\170\272\060\113\060\201\145\271}{}% 69
\BOOKMARK [2][-]{subsection.10.1}{\376\377\163\376\127\050\060\156\162\266\141\113}{section.10}% 70
\BOOKMARK [2][-]{subsection.10.2}{\376\377\116\325\151\330\060\222\131\011\060\110\060\213\060\150\060\115\060\156\142\113\230\006}{section.10}% 71
\BOOKMARK [2][-]{subsection.10.3}{\376\377\152\137\150\260\151\034\212\074\060\150\060\156\215\335\226\342}{section.10}% 72
\BOOKMARK [1][-]{section.11}{\376\377\200\003\133\337}{}% 73
\BOOKMARK [2][-]{subsection.11.1}{\376\377\143\241\124\046\060\156\122\044\145\255\060\157\116\000\214\253\060\127\060\146\060\104\060\137\060\113}{section.11}% 74
\BOOKMARK [2][-]{subsection.11.2}{\376\377\127\213\060\373\122\271\147\234\060\373\147\037\226\120\060\150\060\104\060\106\116\011\160\271\060\273\060\303\060\310\060\156\212\125\117\241}{section.11}% 75
\BOOKMARK [2][-]{subsection.11.3}{\376\377\215\263\060\127\060\137\152\137\151\313\060\153\121\161\220\032\060\127\060\146\060\104\060\137\060\123\060\150}{section.11}% 76
\BOOKMARK [2][-]{subsection.11.4}{\376\377\060\014\153\143\060\015\060\156\133\237\210\305\060\150\060\104\060\106\200\003\060\110\145\271\060\156\226\120\165\114}{section.11}% 77
\BOOKMARK [2][-]{subsection.11.5}{\376\377\153\213\060\143\060\146\060\104\060\213\212\262\230\114}{section.11}% 78
\BOOKMARK [1][-]{section.12}{\376\377\060\112\060\217\060\212\060\153}{}% 79
