\BOOKMARK [0][-]{part.1}{\376\377\173\054\000I\220\350\000\040\212\074\146\016\060\114\142\020\172\313\060\131\060\213\173\304\126\362\060\222\122\007\060\212\121\372\060\131}{}% 1
\BOOKMARK [1][-]{section.1}{\376\377\173\054\000\040\0001\000\040\162\110\060\150\060\156\225\242\117\302}{part.1}% 2
\BOOKMARK [1][-]{section.2}{\376\377\163\376\210\114\133\237\210\305\060\156\152\137\200\375\116\000\211\247\060\150\123\357\124\046\122\044\133\232}{part.1}% 3
\BOOKMARK [1][-]{section.3}{\376\377\121\145\060\213\164\006\165\061\060\373\131\026\060\214\060\213\164\006\165\061}{part.1}% 4
\BOOKMARK [2][-]{subsection.3.1}{\376\377\147\037\226\120\060\156\060\152\060\104\137\205\060\141\060\222\131\026\060\131\060\150\117\125\060\114\131\011\060\217\060\213\060\113}{section.3}% 5
\BOOKMARK [2][-]{subsection.3.2}{\376\377\060\327\060\352\060\337\060\306\060\243\060\326\060\222\060\151\060\106\142\161\060\106\060\113}{section.3}% 6
\BOOKMARK [2][-]{subsection.3.3}{\376\377\143\007\133\232\060\250\060\351\060\374\000\040\040\024\000-\000\040\221\115\122\027\060\156\173\304\126\362\131\026}{section.3}% 7
\BOOKMARK [2][-]{subsection.3.4}{\376\377\060\242\060\257\060\277\060\374\127\213\060\114\123\072\122\045\060\125\060\214\060\152\060\104\116\366}{section.3}% 8
\BOOKMARK [1][-]{section.4}{\376\377\000A\000I\000P\000L\000-\0002\000\040\060\156\170\272\133\232}{part.1}% 9
\BOOKMARK [0][-]{part.2}{\376\377\173\054\000I\000I\220\350\000\040\133\232\137\017\123\026}{}% 10
\BOOKMARK [1][-]{section.5}{\376\377\151\313\145\207}{part.2}% 11
\BOOKMARK [2][-]{subsection.5.1}{\376\377\174\326\210\143}{section.5}% 12
\BOOKMARK [1][-]{section.6}{\376\377\210\150\060\150\151\313\142\020}{part.2}% 13
\BOOKMARK [1][-]{section.7}{\376\377\127\213\116\330\060\121\211\217\122\107}{part.2}% 14
\BOOKMARK [1][-]{section.8}{\376\377\144\315\117\134\166\204\141\017\124\163\212\326}{part.2}% 15
\BOOKMARK [1][-]{section.9}{\376\377\116\015\131\011\147\141\116\366}{part.2}% 16
\BOOKMARK [0][-]{part.3}{\376\377\173\054\000I\000I\000I\220\350\000\040\212\074\146\016}{}% 17
\BOOKMARK [1][-]{section.10}{\376\377\210\334\230\114}{part.3}% 18
\BOOKMARK [1][-]{section.11}{\376\377\116\073\133\232\164\006}{part.3}% 19
\BOOKMARK [1][-]{section.12}{\376\377\122\271\147\234\060\156\120\145\121\150\140\047\060\150\060\001\060\135\060\156\174\373}{part.3}% 20
\BOOKMARK [1][-]{section.13}{\376\377\212\000\060\110\060\152\060\104\060\123\060\150}{part.3}% 21
\BOOKMARK [0][-]{part.4}{\376\377\173\054\000I\000V\220\350\000\040\133\237\210\305\060\150\060\156\133\376\137\334}{}% 22
\BOOKMARK [1][-]{section.14}{\376\377\060\342\060\307\060\353\060\150\133\237\210\305\060\156\060\132\060\214}{part.4}% 23
\BOOKMARK [2][-]{subsection.14.1}{\376\377\133\237\210\305\060\156\122\271\147\234\117\035\144\255\060\153\172\164\060\114\060\102\060\213}{section.14}% 24
\BOOKMARK [2][-]{subsection.14.2}{\376\377\135\356\122\006\060\306\060\271\060\310\060\114\127\313\060\201\060\146\060\104\060\213\220\350\122\006}{section.14}% 25
\BOOKMARK [1][-]{section.15}{\376\377\000C\000o\000q\000\040\137\142\137\017\123\026\060\156\211\213\220\032\060\127}{part.4}% 26
\BOOKMARK [1][-]{section.16}{\376\377\060\176\060\150\060\201}{part.4}% 27
