\BOOKMARK [0][-]{part.1}{\376\377\173\054\000I\220\350\000\040\000e\000x\000p\000r\000e\000s\000s\000\040\000m\000o\000d\000e\000\040\060\150\000\040\000w\000h\000e\000r\000e\000\040\060\156\121\215\134\016\121\145}{}% 1
\BOOKMARK [1][-]{section.1}{\376\377\060\157\060\130\060\201\060\153}{part.1}% 2
\BOOKMARK [2][-]{subsection.1.1}{\376\377\125\117\060\104}{section.1}% 3
\BOOKMARK [2][-]{subsection.1.2}{\376\377\060\152\060\134\060\123\060\156\116\214\060\144\060\152\060\156\060\113}{section.1}% 4
\BOOKMARK [1][-]{section.2}{\376\377\143\320\150\110\060\131\060\213\137\142}{part.1}% 5
\BOOKMARK [2][-]{subsection.2.1}{\376\377\000w\000h\000e\000r\000e\000\040\040\024\000-\000\040\162\266\141\113\117\235\133\130\060\156\123\327\164\006\147\141\116\366}{section.2}% 6
\BOOKMARK [2][-]{subsection.2.2}{\376\377\000e\000x\000p\000r\000e\000s\000s\000\040\000m\000o\000d\000e\000\040\040\024\000-\000\040\122\162\060\212\217\274\060\177}{section.2}% 7
\BOOKMARK [1][-]{section.3}{\376\377\133\237\210\305\060\170\060\156\137\161\227\377}{part.1}% 8
\BOOKMARK [2][-]{subsection.3.1}{\376\377\000w\000h\000e\000r\000e\000\040\060\156\133\237\210\305}{section.3}% 9
\BOOKMARK [2][-]{subsection.3.2}{\376\377\000e\000x\000p\000r\000e\000s\000s\000\040\000m\000o\000d\000e\000\040\060\156\133\237\210\305}{section.3}% 10
\BOOKMARK [2][-]{subsection.3.3}{\376\377\122\115\143\320\060\150\060\152\060\213\117\356\153\143\000\040\040\024\000-\000\040\060\355\060\374\060\253\060\353\131\011\145\160\060\156\060\271\060\263\060\374\060\327}{section.3}% 11
\BOOKMARK [1][-]{section.4}{\376\377\127\213\060\267\060\271\060\306\060\340\060\170\060\156\137\161\227\377\000\040\040\024\000-\000\040\060\173\060\174\161\041\120\267}{part.1}% 12
\BOOKMARK [2][-]{subsection.4.1}{\376\377\060\151\060\141\060\211\060\202\060\014\127\213\060\015\060\156\212\161\060\147\060\157\060\152\060\104}{section.4}% 13
\BOOKMARK [2][-]{subsection.4.2}{\376\377\000w\000h\000e\000r\000e\000\040\060\156\127\213\116\330\060\121}{section.4}% 14
\BOOKMARK [2][-]{subsection.4.3}{\376\377\000e\000x\000p\000r\000e\000s\000s\000\040\000m\000o\000d\000e\000\040\060\153\060\112\060\121\060\213\000\040\000r\000e\000p\000l\000y\000\040\060\156\136\060\134\136}{section.4}% 15
\BOOKMARK [2][-]{subsection.4.4}{\376\377\060\254\060\374\060\311\060\156\175\024\174\213\140\047\060\150\060\104\060\106\145\260\060\127\060\104\211\201\154\102}{section.4}% 16
\BOOKMARK [1][-]{section.5}{\376\377\137\142\137\017\166\204\117\335\212\074\060\170\060\156\137\161\227\377}{part.1}% 17
\BOOKMARK [2][-]{subsection.5.1}{\376\377\117\335\133\130\133\232\164\006\000\040\040\024\000-\000\040\137\161\227\377\060\152\060\127}{section.5}% 18
\BOOKMARK [2][-]{subsection.5.2}{\376\377\220\062\210\114\133\232\164\006\000\040\040\024\000-\000\040\000w\000h\000e\000r\000e\000\040\060\157\147\235\060\222\116\000\147\054\130\227\060\204\060\131}{section.5}% 19
\BOOKMARK [2][-]{subsection.5.3}{\376\377\220\020\153\041\140\047\000\040\040\024\000-\000\040\000e\000x\000p\000r\000e\000s\000s\000\040\000m\000o\000d\000e\000\040\060\157\212\074\146\016\060\222\130\312\060\125\060\152\060\104}{section.5}% 20
\BOOKMARK [2][-]{subsection.5.4}{\376\377\123\161\060\106\060\104\060\156\060\157\060\327\060\355\060\260\060\351\060\340\120\164\060\156\116\015\131\011\147\141\116\366}{section.5}% 21
\BOOKMARK [1][-]{section.6}{\376\377\060\341\060\352\060\303\060\310}{part.1}% 22
\BOOKMARK [2][-]{subsection.6.1}{\376\377\000w\000h\000e\000r\000e\000\040\060\156\122\051\160\271}{section.6}% 23
\BOOKMARK [2][-]{subsection.6.2}{\376\377\000e\000x\000p\000r\000e\000s\000s\000\040\000m\000o\000d\000e\000\040\060\156\122\051\160\271}{section.6}% 24
\BOOKMARK [1][-]{section.7}{\376\377\060\307\060\341\060\352\060\303\060\310\060\150\123\161\226\172}{part.1}% 25
\BOOKMARK [2][-]{subsection.7.1}{\376\377\000w\000h\000e\000r\000e\000\040\060\156\116\343\121\037}{section.7}% 26
\BOOKMARK [2][-]{subsection.7.2}{\376\377\000e\000x\000p\000r\000e\000s\000s\000\040\000m\000o\000d\000e\000\040\060\156\116\343\121\037}{section.7}% 27
\BOOKMARK [2][-]{subsection.7.3}{\376\377\116\214\152\137\151\313\060\156\166\370\116\222\117\134\165\050}{section.7}% 28
\BOOKMARK [1][-]{section.8}{\376\377\153\265\226\216\166\204\060\152\134\016\121\145\150\110}{part.1}% 29
\BOOKMARK [1][-]{section.9}{\376\377\175\120\212\326}{part.1}% 30
\BOOKMARK [2][-]{subsection.9.1}{\376\377\060\151\060\141\060\211\060\222\121\110\060\153\121\145\060\214\060\213\060\171\060\115\060\113}{section.9}% 31
\BOOKMARK [2][-]{subsection.9.2}{\376\377\121\150\117\123\060\150\060\127\060\146\060\151\060\106\212\125\117\241\060\131\060\213\060\113}{section.9}% 32
\BOOKMARK [0][-]{part.2}{\376\377\173\054\000I\000I\220\350\000\040\116\214\060\144\060\156\166\356\166\204\060\153\124\021\060\121\060\137\212\000\212\236\116\325\151\330\060\156\200\003\133\337}{}% 33
\BOOKMARK [1][-]{section.10}{\376\377\116\214\060\144\060\156\166\356\166\204\060\150\060\135\060\156\211\201\154\102}{part.2}% 34
\BOOKMARK [2][-]{subsection.10.1}{\376\377\122\006\145\143\000\040\000A\000I\000\040\060\250\060\374\060\270\060\247\060\363\060\310\212\000\212\236\060\150\060\127\060\146\060\156\211\201\154\102}{section.10}% 35
\BOOKMARK [2][-]{subsection.10.2}{\376\377\133\237\146\102\225\223\000\040\000O\000S\377\010\060\325\060\243\060\270\060\253\060\353\000\040\000A\000I\377\011\060\150\060\127\060\146\060\156\211\201\154\102}{section.10}% 36
\BOOKMARK [2][-]{subsection.10.3}{\376\377\116\041\200\005\060\157\131\032\060\117\060\156\160\271\060\147\153\143\123\315\133\376\060\147\060\102\060\213}{section.10}% 37
\BOOKMARK [1][-]{section.11}{\376\377\143\320\150\110\000\040\040\024\000-\000\040\116\000\060\144\060\156\116\055\150\070\060\150\116\214\060\144\060\156\060\327\060\355\060\325\060\241\060\244\060\353}{part.2}% 38
\BOOKMARK [2][-]{subsection.11.1}{\376\377\121\110\117\213\000\040\040\024\000-\000\040\000A\000d\000a\000\040\060\156\000\040\000R\000a\000v\000e\000n\000s\000c\000a\000r\000\040\060\327\060\355\060\325\060\241\060\244\060\353}{section.11}% 39
\BOOKMARK [2][-]{subsection.11.2}{\376\377\060\131\060\147\060\153\060\102\060\213\127\037\123\360\000\040\040\024\000-\000\040\000c\000a\000p\000a\000b\000i\000l\000i\000t\000y\000\040\122\006\230\136}{section.11}% 40
\BOOKMARK [2][-]{subsection.11.3}{\376\377\000e\000f\000f\000e\000c\000t\000\040\060\222\227\131\166\204\060\153\060\131\060\213}{section.11}% 41
\BOOKMARK [1][-]{section.12}{\376\377\116\055\150\070\060\153\137\305\211\201\060\152\116\325\151\330}{part.2}% 42
\BOOKMARK [1][-]{section.13}{\376\377\060\327\060\355\060\325\060\241\060\244\060\353\000\040\000A\000\040\040\024\000-\000\040\122\006\145\143\000\040\000A\000I\000\040\060\250\060\374\060\270\060\247\060\363\060\310}{part.2}% 43
\BOOKMARK [2][-]{subsection.13.1}{\376\377\161\041\147\037\226\120\000\040\000n\000o\000w\000\040\060\222\171\201\153\142\060\127\060\001\147\037\226\120\116\330\060\115\060\153\060\131\060\213}{section.13}% 44
\BOOKMARK [2][-]{subsection.13.2}{\376\377\131\061\145\127\060\222\127\213\060\153\143\001\060\144}{section.13}% 45
\BOOKMARK [2][-]{subsection.13.3}{\376\377\060\273\060\303\060\267\060\347\060\363\060\327\060\355\060\310\060\263\060\353\060\222\127\213\060\170\116\012\060\122\060\213}{section.13}% 46
\BOOKMARK [2][-]{subsection.13.4}{\376\377\151\313\220\040\123\026\121\372\122\233\060\156\060\271\060\255\060\374\060\336\151\034\147\373}{section.13}% 47
\BOOKMARK [1][-]{section.14}{\376\377\060\327\060\355\060\325\060\241\060\244\060\353\000\040\000R\000\040\040\024\000-\000\040\133\237\146\102\225\223\000\040\000O\000S\377\017\060\325\060\243\060\270\060\253\060\353\000\040\000A\000I}{part.2}% 48
\BOOKMARK [2][-]{subsection.14.1}{\376\377\146\102\225\223\060\222\133\243\212\000\060\131\060\213}{section.14}% 49
\BOOKMARK [2][-]{subsection.14.2}{\376\377\147\011\165\114\140\047\060\222\227\131\166\204\060\153\137\067\122\066\060\131\060\213}{section.14}% 50
\BOOKMARK [2][-]{subsection.14.3}{\376\377\145\160\120\044\000\040\040\024\000-\000\040\126\372\133\232\134\017\145\160\160\271\060\150\123\130\117\115}{section.14}% 51
\BOOKMARK [2][-]{subsection.14.4}{\376\377\122\162\060\212\217\274\060\177\060\150\060\127\060\146\060\156\000\040\000e\000x\000p\000r\000e\000s\000s\000\040\000m\000o\000d\000e}{section.14}% 52
\BOOKMARK [2][-]{subsection.14.5}{\376\377\147\011\165\114\060\341\060\374\060\353\060\334\060\303\060\257\060\271\060\150\156\242\060\214\145\271\221\335}{section.14}% 53
\BOOKMARK [1][-]{section.15}{\376\377\116\214\060\144\060\156\060\327\060\355\060\325\060\241\060\244\060\353\060\156\130\203\165\114}{part.2}% 54
\BOOKMARK [2][-]{subsection.15.1}{\376\377\145\271\124\021\060\156\211\217\137\213}{section.15}% 55
\BOOKMARK [2][-]{subsection.15.2}{\376\377\130\203\165\114\060\242\060\257\060\277\060\374}{section.15}% 56
\BOOKMARK [1][-]{section.16}{\376\377\127\213\120\145\121\150\140\047\060\150\212\074\146\016\060\170\060\156\137\161\227\377}{part.2}% 57
\BOOKMARK [1][-]{section.17}{\376\377\133\237\210\305\060\156\230\006\136\217}{part.2}% 58
\BOOKMARK [1][-]{section.18}{\376\377\060\176\060\150\060\201\000\040\040\024\000-\000\040\060\151\060\156\060\210\060\106\060\152\212\000\212\236\116\325\151\330\060\150\060\131\060\171\060\115\060\113}{part.2}% 59
\BOOKMARK [0][-]{part.3}{\376\377\173\054\000I\000I\000I\220\350\000\040\000A\000I\000P\000L\000\040\164\006\140\363\116\325\151\330\377\010\150\110\377\011}{}% 60
\BOOKMARK [1][-]{section.19}{\376\377\212\055\212\010\123\237\122\107}{part.3}% 61
\BOOKMARK [1][-]{section.20}{\376\377\151\313\145\207}{part.3}% 62
\BOOKMARK [2][-]{subsection.20.1}{\376\377\133\243\212\000}{section.20}% 63
\BOOKMARK [2][-]{subsection.20.2}{\376\377\127\213}{section.20}% 64
\BOOKMARK [2][-]{subsection.20.3}{\376\377\137\017}{section.20}% 65
\BOOKMARK [2][-]{subsection.20.4}{\376\377\145\207}{section.20}% 66
\BOOKMARK [1][-]{section.21}{\376\377\127\213\060\267\060\271\060\306\060\340}{part.3}% 67
\BOOKMARK [2][-]{subsection.21.1}{\376\377\122\044\145\255\060\156\137\142}{section.21}% 68
\BOOKMARK [2][-]{subsection.21.2}{\376\377\116\073\211\201\060\152\211\217\122\107}{section.21}% 69
\BOOKMARK [2][-]{subsection.21.3}{\376\377\217\324\117\341\060\156\211\217\137\213}{section.21}% 70
\BOOKMARK [2][-]{subsection.21.4}{\376\377\162\151\164\006\123\130\117\115}{section.21}% 71
\BOOKMARK [1][-]{section.22}{\376\377\122\271\147\234}{part.3}% 72
\BOOKMARK [1][-]{section.23}{\376\377\060\327\060\355\060\325\060\241\060\244\060\353}{part.3}% 73
\BOOKMARK [1][-]{section.24}{\376\377\133\237\210\114\060\342\060\307\060\353}{part.3}% 74
\BOOKMARK [2][-]{subsection.24.1}{\376\377\060\242\060\257\060\277\060\374\060\156\162\266\141\113}{section.24}% 75
\BOOKMARK [2][-]{subsection.24.2}{\376\377\123\327\164\006\211\217\122\107\000\040\040\024\000-\000\040\116\000\147\054\060\156\175\114\215\357}{section.24}% 76
\BOOKMARK [2][-]{subsection.24.3}{\376\377\000a\000t\000o\000m\000i\000c}{section.24}% 77
\BOOKMARK [2][-]{subsection.24.4}{\376\377\217\324\117\341}{section.24}% 78
\BOOKMARK [1][-]{section.25}{\376\377\163\376\162\266\060\150\060\156\135\356\122\006}{part.3}% 79
\BOOKMARK [2][-]{subsection.25.1}{\376\377\215\263\060\131\060\202\060\156}{section.25}% 80
\BOOKMARK [2][-]{subsection.25.2}{\376\377\131\011\060\110\060\213\060\202\060\156}{section.25}% 81
\BOOKMARK [2][-]{subsection.25.3}{\376\377\171\201\153\142\060\131\060\213\060\202\060\156\377\010\060\327\060\355\060\325\060\241\060\244\060\353\000\040\000R\377\011}{section.25}% 82
\BOOKMARK [1][-]{section.26}{\376\377\060\123\060\156\116\325\151\330\060\147\212\000\060\110\060\213\060\210\060\106\060\153\060\152\060\213\060\123\060\150}{part.3}% 83
\BOOKMARK [1][-]{section.27}{\376\377\147\000\134\017\060\156\122\060\220\124\160\271}{part.3}% 84
