\BOOKMARK [1][-]{section.1}{\376\377\116\011\060\144\060\156\133\237\210\305}{}% 1
\BOOKMARK [2][-]{subsection.1.1}{\376\377\167\100\142\113\122\115\060\156\162\266\141\113}{section.1}% 2
\BOOKMARK [1][-]{section.2}{\376\377\142\341\137\065\133\120\060\156\175\161\116\000}{}% 3
\BOOKMARK [1][-]{section.3}{\376\377\116\325\151\330\060\156\217\375\226\217}{}% 4
\BOOKMARK [2][-]{subsection.3.1}{\376\377\000P\000y\000-\000I\000\040\060\157\146\370\137\017\060\114\220\125\060\143\060\146\060\104\060\137\060\140\060\121\060\156\173\207\142\100\060\114\060\102\060\143\060\137}{section.3}% 5
\BOOKMARK [1][-]{section.4}{\376\377\000+\000\040\060\113\060\211\000\040\000+\000+\000\040\060\170\060\156\171\373\210\114\000\040\040\024\000-\000\040\153\143\211\217\210\150\163\376\060\222\117\177\060\217\060\152\060\113\060\143\060\137\164\006\165\061}{}% 6
\BOOKMARK [2][-]{subsection.4.1}{\376\377\151\313\145\207\147\050\060\157\145\207\133\127\122\027\060\352\060\306\060\351\060\353\060\156\116\055\060\222\211\213\060\152\060\104}{section.4}% 7
\BOOKMARK [2][-]{subsection.4.2}{\376\377\151\034\212\074}{section.4}% 8
\BOOKMARK [1][-]{section.5}{\376\377\211\213\060\144\060\113\060\143\060\137\0006\060\144\060\156\116\015\121\167\124\010}{}% 9
\BOOKMARK [2][-]{subsection.5.1}{\376\377\000\050\0001\000\051\000\040\060\310\060\303\060\327\060\354\060\331\060\353\060\156\000\040\000s\000e\000n\000d\000\040\060\114\060\327\060\355\060\260\060\351\060\340\230\006\060\222\170\064\060\143\060\146\060\104\060\137}{section.5}% 10
\BOOKMARK [2][-]{subsection.5.2}{\376\377\000\050\0002\000\051\000\050\0003\000\051\000\040\000s\000e\000l\000e\000c\000t\000\040\060\156\000\040\000c\000a\000s\000e\000\040\147\054\117\123\060\156\000\040\000r\000e\000p\000l\000y\000\040\060\114\124\174\060\163\121\372\060\127\121\103\060\170\142\073\060\211\060\152\060\104}{section.5}% 11
\BOOKMARK [2][-]{subsection.5.3}{\376\377\000\050\0004\000\051\000\040\147\037\226\120\151\034\147\373\060\114\060\310\060\303\060\327\060\354\060\331\060\353\060\222\211\213\060\146\060\104\060\152\060\113\060\143\060\137\000\040\040\024\000-\000\040\116\041\133\237\210\305\060\147}{section.5}% 12
\BOOKMARK [2][-]{subsection.5.4}{\376\377\000\050\0005\000\051\000\040\000J\000S\000-\000I\000\040\060\156\000\040\000w\000a\000i\000t\000\040\060\114\060\326\060\355\060\303\060\257\060\127\060\152\060\104}{section.5}% 13
\BOOKMARK [2][-]{subsection.5.5}{\376\377\000\050\0006\000\051\000\040\060\242\060\257\060\277\060\374\060\222\060\341\060\303\060\273\060\374\060\270\060\156\137\025\145\160\060\150\060\127\060\146\156\041\060\133\060\152\060\104}{section.5}% 14
\BOOKMARK [1][-]{section.6}{\376\377\211\213\060\144\060\121\145\271\060\156\127\213}{}% 15
\BOOKMARK [2][-]{subsection.6.1}{\376\377\0003\060\144\116\046\060\171\060\146\116\366\145\160\060\222\153\324\060\171\060\213}{section.6}% 16
\BOOKMARK [2][-]{subsection.6.2}{\376\377\152\137\150\260\166\204\060\152\177\156\143\333\060\222\060\133\060\132\151\313\145\207\147\050\060\147\122\044\133\232\060\131\060\213}{section.6}% 17
\BOOKMARK [2][-]{subsection.6.3}{\376\377\151\034\147\373\060\156\143\007\144\130\060\157\116\366\145\160\060\147\060\152\060\117\133\237\162\151\060\222\225\213\060\104\060\146\170\272\060\113\060\201\060\213}{section.6}% 18
\BOOKMARK [2][-]{subsection.6.4}{\376\377\060\112\060\176\060\121\000\040\040\024\000-\000\040\213\146\124\112\060\114\121\372\122\233\175\114\215\357\060\153\217\011\060\143\060\146\060\104\060\213\060\113}{section.6}% 19
\BOOKMARK [1][-]{section.7}{\376\377\220\000\210\114\060\125\060\133\060\137\116\000\136\246\060\150\060\001\060\135\060\156\154\027\060\145\060\115\145\271}{}% 20
\BOOKMARK [1][-]{section.8}{\376\377\147\000\175\102\162\266\141\113}{}% 21
\BOOKMARK [2][-]{subsection.8.1}{\376\377\060\254\060\244\060\311\060\156\060\265\060\363\060\327\060\353}{section.8}% 22
\BOOKMARK [2][-]{subsection.8.2}{\376\377\000g\0009\000:\000\040\060\242\060\257\060\277\060\374\060\222\137\025\145\160\060\147\156\041\060\131}{section.8}% 23
\BOOKMARK [2][-]{subsection.8.3}{\376\377\153\213\060\143\060\146\060\104\060\213\135\356}{section.8}% 24
\BOOKMARK [1][-]{section.9}{\376\377\060\263\060\337\060\303\060\310\116\000\211\247}{}% 25
\BOOKMARK [1][-]{section.10}{\376\377\060\176\060\150\060\201}{}% 26
