\BOOKMARK [0][-]{part.1}{\376\377\173\054\000I\220\350\000\040\000A\000I\000P\000L\000-\000\040\060\156\133\232\177\251}{}% 1
\BOOKMARK [1][-]{section.1}{\376\377\117\115\177\156\060\145\060\121}{part.1}% 2
\BOOKMARK [2][-]{subsection.1.1}{\376\377\116\011\060\144\060\156\145\255\162\107}{section.1}% 3
\BOOKMARK [2][-]{subsection.1.2}{\376\377\117\125\060\222\212\074\146\016\060\131\060\213\060\156\060\113}{section.1}% 4
\BOOKMARK [1][-]{section.2}{\376\377\145\207\154\325}{part.1}% 5
\BOOKMARK [2][-]{subsection.2.1}{\376\377\127\213}{section.2}% 6
\BOOKMARK [2][-]{subsection.2.2}{\376\377\137\017}{section.2}% 7
\BOOKMARK [2][-]{subsection.2.3}{\376\377\120\044}{section.2}% 8
\BOOKMARK [2][-]{subsection.2.4}{\376\377\174\326\210\143\151\313\145\207}{section.2}% 9
\BOOKMARK [2][-]{subsection.2.5}{\376\377\060\327\060\355\060\260\060\351\060\340}{section.2}% 10
\BOOKMARK [1][-]{section.3}{\376\377\127\213\060\267\060\271\060\306\060\340}{part.1}% 11
\BOOKMARK [2][-]{subsection.3.1}{\376\377\122\044\145\255\060\156\137\142}{section.3}% 12
\BOOKMARK [2][-]{subsection.3.2}{\376\377\211\217\122\107}{section.3}% 13
\BOOKMARK [2][-]{subsection.3.3}{\376\377\060\327\060\355\060\260\060\351\060\340\060\156\145\164\124\010\140\047}{section.3}% 14
\BOOKMARK [2][-]{subsection.3.4}{\376\377\212\055\212\010\116\012\060\156\211\201\160\271}{section.3}% 15
\BOOKMARK [1][-]{section.4}{\376\377\144\315\117\134\166\204\141\017\124\163\212\326}{part.1}% 16
\BOOKMARK [2][-]{subsection.4.1}{\376\377\133\237\210\114\146\102\060\156\151\313\220\040}{section.4}% 17
\BOOKMARK [2][-]{subsection.4.2}{\376\377\212\125\117\241\145\207\201\010}{section.4}% 18
\BOOKMARK [2][-]{subsection.4.3}{\376\377\134\100\142\100\174\041\175\004}{section.4}% 19
\BOOKMARK [2][-]{subsection.4.4}{\376\377\151\313\142\020\060\156\174\041\175\004}{section.4}% 20
\BOOKMARK [2][-]{subsection.4.5}{\376\377\137\205\060\141\060\373\175\102\162\266\141\113\060\373\210\114\060\115\212\160\060\176\060\212}{section.4}% 21
\BOOKMARK [1][-]{section.5}{\376\377\133\237\210\114\146\102\060\156\116\015\131\011\147\141\116\366}{part.1}% 22
\BOOKMARK [0][-]{part.2}{\376\377\173\054\000I\000I\220\350\000\040\175\031\060\156\116\012\060\156\212\074\146\016}{}% 23
\BOOKMARK [1][-]{section.6}{\376\377\156\226\120\231\060\156\210\334\230\114}{part.2}% 24
\BOOKMARK [1][-]{section.7}{\376\377\134\100\142\100\220\062\210\114}{part.2}% 25
\BOOKMARK [1][-]{section.8}{\376\377\134\100\142\100\117\335\133\130}{part.2}% 26
\BOOKMARK [1][-]{section.9}{\376\377\116\073\133\232\164\006}{part.2}% 27
\BOOKMARK [1][-]{section.10}{\376\377\155\076\165\037\060\131\060\213\116\015\131\011\147\141\116\366}{part.2}% 28
\BOOKMARK [0][-]{part.3}{\376\377\173\054\000I\000I\000I\220\350\000\040\152\137\150\260\212\074\146\016}{}% 29
\BOOKMARK [1][-]{section.11}{\376\377\225\213\166\172\060\156\151\313\142\020}{part.3}% 30
\BOOKMARK [1][-]{section.12}{\376\377\175\031\060\150\152\137\150\260\060\156\133\376\137\334}{part.3}% 31
\BOOKMARK [1][-]{section.13}{\376\377\116\356\133\232\060\114\172\172\206\132\060\147\060\152\060\104\060\123\060\150}{part.3}% 32
\BOOKMARK [1][-]{section.14}{\376\377\121\154\164\006\060\152\060\127\060\156\170\272\212\215\060\150\121\215\163\376\142\113\230\006}{part.3}% 33
\BOOKMARK [0][-]{part.4}{\376\377\173\054\000I\000V\220\350\000\040\060\152\060\134\060\123\060\214\060\114\116\012\226\120\060\113}{}% 34
\BOOKMARK [1][-]{section.15}{\376\377\122\240\060\110\060\137\152\137\151\313}{part.4}% 35
\BOOKMARK [1][-]{section.16}{\376\377\122\240\060\110\060\213\060\150\130\312\060\214\060\213\060\202\060\156}{part.4}% 36
\BOOKMARK [2][-]{subsection.16.1}{\376\377\122\325\166\204\060\152\133\233\121\110\060\156\000\040\000r\000e\000m\000o\000t\000e}{section.16}% 37
\BOOKMARK [2][-]{subsection.16.2}{\376\377\000a\000n\000y\000\040\060\150\122\325\166\204\060\255\060\343\060\271\060\310}{section.16}% 38
\BOOKMARK [2][-]{subsection.16.3}{\376\377\212\010\173\227\060\125\060\214\060\137\060\341\060\275\060\303\060\311\124\015}{section.16}% 39
\BOOKMARK [2][-]{subsection.16.4}{\376\377\173\304\126\362\151\034\147\373\060\156\060\152\060\104\155\373\133\127}{section.16}% 40
\BOOKMARK [2][-]{subsection.16.5}{\376\377\154\350\221\310\060\156\060\152\060\104\000\040\000r\000e\000p\000l\000y}{section.16}% 41
\BOOKMARK [2][-]{subsection.16.6}{\376\377\000r\000e\000p\000l\000y\000t\000o\000\040\060\222\120\044\060\153\060\131\060\213\060\123\060\150}{section.16}% 42
\BOOKMARK [2][-]{subsection.16.7}{\376\377\123\327\060\121\123\326\060\213\127\213\060\114\122\325\166\204\060\153\154\172\060\176\060\213\220\170\142\236\123\327\117\341}{section.16}% 43
\BOOKMARK [1][-]{section.17}{\376\377\166\364\116\244\060\131\060\213\134\144}{part.4}% 44
\BOOKMARK [1][-]{section.18}{\376\377\060\307\060\303\060\311\060\355\060\303\060\257\201\352\165\061\060\157\060\001\060\123\060\123\060\147\060\157\142\020\060\212\172\313\060\137\060\152\060\104}{part.4}% 45
\BOOKMARK [1][-]{section.19}{\376\377\060\176\060\150\060\201}{part.4}% 46
