\BOOKMARK [1][-]{section.1}{\376\377\060\157\060\130\060\201\060\153}{}% 1
\BOOKMARK [2][-]{subsection.1.1}{\376\377\000A\000I\000\040\060\250\060\374\060\270\060\247\060\363\060\310\060\153\060\157\127\213\060\114\161\041\060\104}{section.1}% 2
\BOOKMARK [2][-]{subsection.1.2}{\376\377\116\214\060\144\060\156\116\026\165\114\060\222\155\367\060\134\060\152\060\104}{section.1}% 3
\BOOKMARK [2][-]{subsection.1.3}{\376\377\116\000\060\113\060\211\117\134\060\211\060\152\060\113\060\143\060\137}{section.1}% 4
\BOOKMARK [2][-]{subsection.1.4}{\376\377\147\054\172\077\060\156\151\313\142\020}{section.1}% 5
\BOOKMARK [1][-]{section.2}{\376\377\200\314\146\157}{}% 6
\BOOKMARK [2][-]{subsection.2.1}{\376\377\000A\000B\000C\000L\000/\0001}{section.2}% 7
\BOOKMARK [2][-]{subsection.2.2}{\376\377\134\017\147\227\060\211\060\156\127\213\060\267\060\271\060\306\060\340\170\024\172\166}{section.2}% 8
\BOOKMARK [2][-]{subsection.2.3}{\376\377\116\326\060\156\116\046\210\114\060\252\060\326\060\270\060\247\060\257\060\310\212\000\212\236}{section.2}% 9
\BOOKMARK [1][-]{section.3}{\376\377\000A\000B\000C\000L\000/\0001\000\040\060\113\060\211\143\241\060\143\060\137\060\202\060\156}{}% 10
\BOOKMARK [2][-]{subsection.3.1}{\376\377\116\011\172\056\060\156\060\341\060\303\060\273\060\374\060\270\220\001\117\341}{section.3}% 11
\BOOKMARK [2][-]{subsection.3.2}{\376\377\060\252\060\326\060\270\060\247\060\257\060\310\121\205\220\350\060\156\220\020\153\041\140\047}{section.3}% 12
\BOOKMARK [2][-]{subsection.3.3}{\376\377\217\324\117\341\060\150\060\104\060\106\200\003\060\110\145\271}{section.3}% 13
\BOOKMARK [1][-]{section.4}{\376\377\000A\000B\000C\000L\000/\0001\000\040\060\113\060\211\204\075\060\150\060\127\060\137\060\202\060\156}{}% 14
\BOOKMARK [2][-]{subsection.4.1}{\376\377\000e\000x\000p\000r\000e\000s\000s\000\040\000m\000o\000d\000e\000\040\060\153\060\210\060\213\122\162\060\212\217\274\060\177}{section.4}% 15
\BOOKMARK [2][-]{subsection.4.2}{\376\377\217\324\117\341\121\110\060\156\116\000\175\032\140\047}{section.4}% 16
\BOOKMARK [2][-]{subsection.4.3}{\376\377\000s\000c\000r\000i\000p\000t\000\040\060\156\000\040\000w\000h\000e\000r\000e\000\040\060\254\060\374\060\311}{section.4}% 17
\BOOKMARK [1][-]{section.5}{\376\377\134\017\147\227\170\024\172\166\060\113\060\211\143\241\060\143\060\137\060\202\060\156}{}% 18
\BOOKMARK [2][-]{subsection.5.1}{\376\377\122\271\147\234\000\040\040\024\000\040\214\307\156\220\117\177\165\050\211\343\147\220\060\156\175\040\147\064\162\110}{section.5}% 19
\BOOKMARK [2][-]{subsection.5.2}{\376\377\147\037\226\120\000\040\040\024\000\040\060\265\060\244\060\272\127\213\060\156\174\227\060\104\116\343\165\050}{section.5}% 20
\BOOKMARK [2][-]{subsection.5.3}{\376\377\175\332\137\142\140\047\060\156\200\003\060\110\145\271\000\040\040\024\000\040\000r\000e\000p\000l\000y\000\040\060\157\232\330\060\005\116\000\136\246}{section.5}% 21
\BOOKMARK [1][-]{section.6}{\376\377\134\017\147\227\170\024\172\166\060\113\060\211\204\075\060\150\060\127\060\137\060\202\060\156}{}% 22
\BOOKMARK [2][-]{subsection.6.1}{\376\377\116\244\135\356\127\213\060\153\060\210\060\213\232\330\226\216\060\342\060\307\060\353\151\034\147\373}{section.6}% 23
\BOOKMARK [2][-]{subsection.6.2}{\376\377\131\032\166\370\060\341\060\275\060\303\060\311}{section.6}% 24
\BOOKMARK [2][-]{subsection.6.3}{\376\377\133\214\121\150\060\152\142\100\147\011\152\051\060\156\127\213\060\267\060\271\060\306\060\340}{section.6}% 25
\BOOKMARK [2][-]{subsection.6.4}{\376\377\060\307\060\303\060\311\060\355\060\303\060\257\201\352\165\061\060\152\127\213\060\267\060\271\060\306\060\340\377\010\143\241\060\211\060\132\060\001\147\037\226\120\060\147\116\343\165\050\377\011}{section.6}% 26
\BOOKMARK [1][-]{section.7}{\376\377\143\241\124\046\060\156\133\376\137\334\210\150}{}% 27
\BOOKMARK [1][-]{section.8}{\376\377\000b\000e\000c\000o\000m\000e\000\040\040\024\000\040\121\145\060\214\060\146\060\001\127\213\060\147\176\033\060\143\060\146\060\001\131\026\060\127\060\137}{}% 28
\BOOKMARK [2][-]{subsection.8.1}{\376\377\161\041\122\066\226\120\060\140\060\150\127\213\060\114\126\030\060\153\060\152\060\213}{section.8}% 29
\BOOKMARK [2][-]{subsection.8.2}{\376\377\127\213\060\147\176\033\060\213\060\150\060\001\176\033\060\143\060\137\121\110\060\153\153\213\060\213\060\202\060\156\060\114\134\021\060\152\060\104}{section.8}% 30
\BOOKMARK [2][-]{subsection.8.3}{\376\377\117\177\060\217\060\214\060\146\060\104\060\152\060\113\060\143\060\137}{section.8}% 31
\BOOKMARK [1][-]{section.9}{\376\377\127\213\060\267\060\271\060\306\060\340\060\222\151\313\142\020\060\131\060\213\126\333\060\144\060\156\152\137\151\313}{}% 32
\BOOKMARK [2][-]{subsection.9.1}{\376\377\131\061\145\127\060\222\127\213\060\147\210\150\060\131\000\040\040\024\000\040\000r\000e\000s\000u\000l\000t}{section.9}% 33
\BOOKMARK [2][-]{subsection.9.2}{\376\377\122\271\147\234\060\153\230\006\136\217\060\222\121\145\060\214\060\213\000\040\040\024\000\040\000a\000c\000q\000u\000i\000r\000e\000\040\000/\000\040\000r\000e\000l\000e\000a\000s\000e}{section.9}% 34
\BOOKMARK [2][-]{subsection.9.3}{\376\377\217\324\117\341\121\110\060\222\116\000\175\032\060\156\120\044\060\153\060\131\060\213\000\040\040\024\000\040\175\332\137\142\127\213}{section.9}% 35
\BOOKMARK [2][-]{subsection.9.4}{\376\377\060\341\060\303\060\267\060\345\221\115\120\231\000\040\040\024\000\040\060\275\060\374\060\271\060\222\220\001\060\212\060\001\166\370\142\113\121\110\060\147\000\040\000J\000I\000T\000\040\060\131\060\213}{section.9}% 36
\BOOKMARK [1][-]{section.10}{\376\377\060\307\060\303\060\311\060\355\060\303\060\257\000\040\040\024\000\040\145\160\060\110\166\364\060\131\060\150\126\333\060\144\060\102\060\143\060\137}{}% 37
\BOOKMARK [2][-]{subsection.10.1}{\376\377\137\252\164\260\137\205\060\141\060\156\227\131\166\204\151\034\147\373}{section.10}% 38
\BOOKMARK [2][-]{subsection.10.2}{\376\377\126\333\060\144\060\156\175\114\215\357}{section.10}% 39
\BOOKMARK [2][-]{subsection.10.3}{\376\377\126\333\060\144\060\150\060\202\127\213\060\147\142\274\060\125\060\110\060\213}{section.10}% 40
\BOOKMARK [2][-]{subsection.10.4}{\376\377\060\014\117\335\212\074\060\147\060\115\060\213\060\015\060\150\212\000\060\106\060\137\060\201\060\156\147\141\116\366}{section.10}% 41
\BOOKMARK [2][-]{subsection.10.5}{\376\377\175\114\215\357\000\040\0003\000\040\040\024\000\040\000s\000e\000l\000e\000c\000t\000\040\060\156\137\205\060\141}{section.10}% 42
\BOOKMARK [2][-]{subsection.10.6}{\376\377\060\204\060\212\123\326\060\212\060\156\230\006\136\217\000\040\040\024\000\040\060\273\060\303\060\267\060\347\060\363\127\213}{section.10}% 43
\BOOKMARK [2][-]{subsection.10.7}{\376\377\060\242\060\257\060\277\060\374\060\222\060\176\060\137\060\120\060\273\060\303\060\267\060\347\060\363\000\040\040\024\000\040\143\057\060\213\202\036\060\104\134\125\225\213}{section.10}% 44
\BOOKMARK [2][-]{subsection.10.8}{\376\377\214\307\156\220\060\156\123\326\137\227\230\006\136\217\000\040\040\024\000\040\214\307\156\220\060\170\060\156\121\150\117\123\230\006\136\217}{section.10}% 45
\BOOKMARK [2][-]{subsection.10.9}{\376\377\060\316\060\374\060\311\060\222\060\176\060\137\060\120\137\205\060\141}{section.10}% 46
\BOOKMARK [1][-]{section.11}{\376\377\127\213\116\330\060\115\000\040\000A\000I\000\040\060\250\060\374\060\270\060\247\060\363\060\310\060\222\146\370\060\117}{}% 47
\BOOKMARK [2][-]{subsection.11.1}{\376\377\116\011\137\171\060\156\060\321\060\244\060\327\060\351\060\244\060\363}{section.11}% 48
\BOOKMARK [2][-]{subsection.11.2}{\376\377\117\125\060\114\153\142\060\176\060\213\060\113\000\040\040\024\000\040\126\333\060\144\060\150\060\202\130\312\060\127\060\146\060\177\060\137}{section.11}% 49
\BOOKMARK [2][-]{subsection.11.3}{\376\377\133\237\162\151\060\156\000\040\000c\000o\000r\000p\000u\000s\000\040\060\157\060\151\060\106\060\140\060\143\060\137\060\113}{section.11}% 50
\BOOKMARK [2][-]{subsection.11.4}{\376\377\211\213\060\110\060\152\060\104\060\150\060\123\060\215}{section.11}% 51
\BOOKMARK [1][-]{section.12}{\376\377\116\343\210\150\166\204\060\152\060\265\060\363\060\327\060\353\060\327\060\355\060\260\060\351\060\340}{}% 52
\BOOKMARK [2][-]{subsection.12.1}{\376\377\000s\0000\0001\000\040\040\024\000\040\060\242\060\257\060\277\060\374\060\156\127\372\147\054}{section.12}% 53
\BOOKMARK [2][-]{subsection.12.2}{\376\377\000s\0000\0002\000\040\040\024\000\040\116\011\172\056\060\156\220\001\117\341}{section.12}% 54
\BOOKMARK [2][-]{subsection.12.3}{\376\377\000s\0000\0003\000\040\040\024\000\040\000r\000e\000p\000l\000y\000\040\060\156\211\217\137\213}{section.12}% 55
\BOOKMARK [2][-]{subsection.12.4}{\376\377\000s\0000\0004\000\040\040\024\000\040\122\271\147\234}{section.12}% 56
\BOOKMARK [2][-]{subsection.12.5}{\376\377\000s\0000\0005\000\040\040\024\000\040\147\037\226\120}{section.12}% 57
\BOOKMARK [2][-]{subsection.12.6}{\376\377\000s\0000\0006\000\040\040\024\000\040\133\237\146\102\225\223\120\164\060\156\226\062\130\301}{section.12}% 58
\BOOKMARK [2][-]{subsection.12.7}{\376\377\000s\0000\0007\000\040\040\024\000\040\000s\000e\000l\000e\000c\000t}{section.12}% 59
\BOOKMARK [2][-]{subsection.12.8}{\376\377\000s\0000\0008\000\040\040\024\000\040\162\266\141\113\152\137\150\260\377\010\000b\000e\000c\000o\000m\000e\000\040\060\222\117\177\060\217\060\132\060\153\146\370\060\117\377\011}{section.12}% 60
\BOOKMARK [2][-]{subsection.12.9}{\376\377\000s\0000\0009\000\040\040\024\000\040\060\242\060\257\060\277\060\374\060\222\137\025\145\160\060\153\156\041\060\131}{section.12}% 61
\BOOKMARK [2][-]{subsection.12.10}{\376\377\000s\0001\0000\000\040\040\024\000\040\116\011\153\265\060\156\060\321\060\244\060\327\060\351\060\244\060\363}{section.12}% 62
\BOOKMARK [2][-]{subsection.12.11}{\376\377\000s\0001\0001\000\040\040\024\000\040\060\341\060\303\060\267\060\345\060\170\060\156\221\115\120\231}{section.12}% 63
\BOOKMARK [2][-]{subsection.12.12}{\376\377\000s\0001\0002\000\040\040\024\000\040\131\061\145\127\060\222\127\213\060\147\210\150\060\131}{section.12}% 64
\BOOKMARK [2][-]{subsection.12.13}{\376\377\000s\0001\0003\000\040\040\024\000\040\214\307\156\220\060\156\123\326\137\227\060\150\211\343\145\076}{section.12}% 65
\BOOKMARK [2][-]{subsection.12.14}{\376\377\000s\0001\0004\000\040\040\024\000\040\217\324\117\341\121\110\060\156\131\324\213\162}{section.12}% 66
\BOOKMARK [2][-]{subsection.12.15}{\376\377\000s\0001\0005\000\040\040\024\000\040\177\251\122\331\060\354\060\331\060\353}{section.12}% 67
\BOOKMARK [2][-]{subsection.12.16}{\376\377\000s\0001\0006\000\040\040\024\000\040\060\316\060\374\060\311\060\222\060\176\060\137\060\120\177\251\122\331\060\354\060\331\060\353}{section.12}% 68
\BOOKMARK [2][-]{subsection.12.17}{\376\377\000s\0001\0007\000\040\040\024\000\040\000s\000e\000l\000e\000c\000t\000\040\060\156\211\217\137\213}{section.12}% 69
\BOOKMARK [2][-]{subsection.12.18}{\376\377\000s\0001\0008\000\040\040\024\000\040\060\273\060\303\060\267\060\347\060\363\127\213}{section.12}% 70
\BOOKMARK [2][-]{subsection.12.19}{\376\377\000s\0001\0009\000\040\040\024\000\040\214\307\156\220\060\170\060\156\121\150\117\123\230\006\136\217}{section.12}% 71
\BOOKMARK [2][-]{subsection.12.20}{\376\377\000s\0002\0000\000\040\040\024\000\040\060\242\060\257\060\277\060\374\060\222\060\176\060\137\060\120\060\273\060\303\060\267\060\347\060\363}{section.12}% 72
\BOOKMARK [2][-]{subsection.12.21}{\376\377\0002\0000\000\040\147\054\060\222\220\032\060\127\060\146\211\213\060\110\060\213\060\123\060\150}{section.12}% 73
\BOOKMARK [1][-]{section.13}{\376\377\116\011\060\144\060\156\121\346\164\006\174\373\060\150\060\001\143\303\060\143\060\146\060\104\060\213\060\123\060\150\060\156\170\272\060\113\060\201\145\271}{}% 74
\BOOKMARK [2][-]{subsection.13.1}{\376\377\060\265\060\363\060\327\060\353\060\222\116\011\133\237\210\305\060\153\220\032\060\127\060\146\211\213\060\144\060\113\060\143\060\137\060\202\060\156}{section.13}% 75
\BOOKMARK [2][-]{subsection.13.2}{\376\377\163\376\127\050\060\156\162\266\141\113}{section.13}% 76
\BOOKMARK [1][-]{section.14}{\376\377\200\003\133\337}{}% 77
\BOOKMARK [2][-]{subsection.14.1}{\376\377\143\241\124\046\060\156\122\044\145\255\060\157\116\000\214\253\060\127\060\146\060\104\060\137\060\113}{section.14}% 78
\BOOKMARK [2][-]{subsection.14.2}{\376\377\060\014\153\143\060\015\060\156\133\237\210\305\060\150\060\104\060\106\200\003\060\110\145\271\060\156\226\120\165\114}{section.14}% 79
\BOOKMARK [2][-]{subsection.14.3}{\376\377\127\213\060\373\122\271\147\234\060\373\147\037\226\120\060\150\060\104\060\106\116\011\160\271\060\273\060\303\060\310\060\156\212\125\117\241}{section.14}% 80
\BOOKMARK [2][-]{subsection.14.4}{\376\377\116\011\060\144\060\156\212\262\230\114\060\222\162\107\116\330\060\121\060\146\122\006\060\113\060\143\060\137\060\123\060\150}{section.14}% 81
\BOOKMARK [2][-]{subsection.14.5}{\376\377\152\137\150\260\151\034\212\074\060\150\060\156\215\335\226\342\060\157\136\203\060\114\060\143\060\137}{section.14}% 82
\BOOKMARK [2][-]{subsection.14.6}{\376\377\153\213\060\143\060\146\060\104\060\213\212\262\230\114}{section.14}% 83
\BOOKMARK [1][-]{section.15}{\376\377\060\112\060\217\060\212\060\153}{}% 84
