\BOOKMARK [0][-]{part.1}{\376\377\173\054\000I\220\350\000\040\117\125\060\222\123\326\060\212\121\145\060\214\060\213\060\156\060\113}{}% 1
\BOOKMARK [1][-]{section.1}{\376\377\060\157\060\130\060\201\060\153}{part.1}% 2
\BOOKMARK [2][-]{subsection.1.1}{\376\377\116\214\060\144\060\156\121\145\122\233}{section.1}% 3
\BOOKMARK [2][-]{subsection.1.2}{\376\377\134\017\147\227\060\156\220\123\121\167\173\261}{section.1}% 4
\BOOKMARK [0][-]{part.2}{\376\377\173\054\000I\000I\220\350\000\040\133\376\137\334\060\145\060\121\000\040\040\024\000-\000\040\220\123\121\167\060\124\060\150\060\153}{}% 5
\BOOKMARK [1][-]{section.2}{\376\377\175\332\137\142\127\213\000\040\040\024\000-\000\040\217\324\117\341\121\110\060\156\116\000\175\032\123\026\060\150\060\014\060\141\060\207\060\106\060\151\116\000\136\246\060\015}{part.2}% 6
\BOOKMARK [2][-]{subsection.2.1}{\376\377\163\376\162\266\060\156\117\125\060\114\215\263\060\212\060\152\060\104\060\113}{section.2}% 7
\BOOKMARK [2][-]{subsection.2.2}{\376\377\175\332\137\142\127\213\060\222\217\324\117\341\121\110\060\153\116\016\060\110\060\213}{section.2}% 8
\BOOKMARK [2][-]{subsection.2.3}{\376\377\116\343\121\037}{section.2}% 9
\BOOKMARK [1][-]{section.3}{\376\377\060\307\060\303\060\311\060\355\060\303\060\257\201\352\165\061\060\152\127\213\060\267\060\271\060\306\060\340\000\040\040\024\000-\000\040\220\062\210\114\133\232\164\006\060\156\173\054\116\011\060\156\147\235}{part.2}% 10
\BOOKMARK [2][-]{subsection.3.1}{\376\377\163\376\162\266}{section.3}% 11
\BOOKMARK [2][-]{subsection.3.2}{\376\377\000A\000I\000P\000L\000\040\060\153\143\001\060\141\217\274\060\200\137\142}{section.3}% 12
\BOOKMARK [2][-]{subsection.3.3}{\376\377\116\343\121\037}{section.3}% 13
\BOOKMARK [1][-]{section.4}{\376\377\154\116\165\050\127\213\060\267\060\271\060\306\060\340\000\040\040\024\000-\000\040\116\214\060\144\060\156\060\327\060\355\060\325\060\241\060\244\060\353\060\222\116\000\060\144\060\156\147\240\175\104\060\177\060\153}{part.2}% 14
\BOOKMARK [2][-]{subsection.4.1}{\376\377\121\110\060\156\060\354\060\335\060\374\060\310\060\156\212\055\212\010\060\222\211\213\166\364\060\131}{section.4}% 15
\BOOKMARK [2][-]{subsection.4.2}{\376\377\000A\000I\000P\000L\000\040\060\153\143\001\060\141\217\274\060\200\137\142}{section.4}% 16
\BOOKMARK [1][-]{section.5}{\376\377\214\307\156\220\117\177\165\050\211\343\147\220\000\040\040\024\000-\000\040\000c\000a\000p\000a\000b\000i\000l\000i\000t\000y\000\040\060\153\230\006\136\217\060\222\121\145\060\214\060\213}{part.2}% 17
\BOOKMARK [2][-]{subsection.5.1}{\376\377\163\376\162\266\060\156\000\040\000e\000f\000f\000e\000c\000t\000\040\060\157\230\006\136\217\060\222\143\001\060\137\060\152\060\104}{section.5}% 18
\BOOKMARK [2][-]{subsection.5.2}{\376\377\116\011\060\144\060\156\122\271\165\050}{section.5}% 19
\BOOKMARK [1][-]{section.6}{\376\377\232\330\226\216\060\342\060\307\060\353\151\034\147\373\000\040\040\024\000-\000\040\151\034\212\074\126\150\060\222\201\352\117\134\060\127\060\152\060\104}{part.2}% 20
\BOOKMARK [2][-]{subsection.6.1}{\376\377\173\111\117\241\140\047\060\114\141\017\124\163\060\131\060\213\060\123\060\150}{section.6}% 21
\BOOKMARK [2][-]{subsection.6.2}{\376\377\116\343\121\037\000\040\040\024\000-\000\040\123\315\117\213\060\114\000\040\000A\000I\000P\000L\000\040\060\156\212\000\204\111\060\147\121\372\060\152\060\104}{section.6}% 22
\BOOKMARK [1][-]{section.7}{\376\377\217\360\212\236\142\275\214\141\060\150\000\040\000C\000E\000G\000A\000R\000\040\040\024\000-\000\040\000w\000h\000e\000r\000e\000\040\060\254\060\374\060\311\060\222\151\034\212\074\060\131\060\213}{part.2}% 23
\BOOKMARK [2][-]{subsection.7.1}{\376\377\121\110\060\156\060\354\060\335\060\374\060\310\060\147\153\142\060\176\060\143\060\137\173\207\142\100}{section.7}% 24
\BOOKMARK [2][-]{subsection.7.2}{\376\377\000A\000I\000P\000L\000\040\060\153\143\001\060\141\217\274\060\200\137\142}{section.7}% 25
\BOOKMARK [1][-]{section.8}{\376\377\174\276\210\375\127\213\060\150\060\265\060\244\060\272\127\213\000\040\040\024\000-\000\040\147\037\226\120\060\150\137\334\173\124\146\102\225\223\060\156\116\012\165\114}{part.2}% 26
\BOOKMARK [2][-]{subsection.8.1}{\376\377\121\110\060\156\060\354\060\335\060\374\060\310\060\156\137\061\160\271}{section.8}% 27
\BOOKMARK [2][-]{subsection.8.2}{\376\377\116\214\060\144\060\156\220\123\121\167}{section.8}% 28
\BOOKMARK [1][-]{section.9}{\376\377\000C\000H\000C\000\040\060\170\060\156\220\204\121\103\060\150\142\100\147\011\152\051\000\040\040\024\000-\000\040\162\266\141\113\060\222\143\001\060\144\060\242\060\257\060\277\060\374}{part.2}% 29
\BOOKMARK [1][-]{section.10}{\376\377\146\102\166\370\212\326\164\006\000\040\040\024\000-\000\040\133\237\146\102\225\223\116\325\151\330\060\222\146\370\060\104\060\146\211\343\060\117}{part.2}% 30
\BOOKMARK [1][-]{section.11}{\376\377\000g\000r\000a\000d\000u\000a\000l\000\040\123\026\000\040\040\024\000-\000\040\123\130\117\115\060\150\137\142\162\266\060\156\153\265\226\216\166\204\134\016\121\145}{part.2}% 31
\BOOKMARK [0][-]{part.3}{\376\377\173\054\000I\000I\000I\220\350\000\040\175\161\124\010\060\127\060\137\212\000\212\236\116\325\151\330\150\110}{}% 32
\BOOKMARK [1][-]{section.12}{\376\377\116\011\134\144\060\153\122\006\060\121\060\213}{part.3}% 33
\BOOKMARK [1][-]{section.13}{\376\377\145\071\212\002\060\127\060\137\116\325\151\330\377\010\121\110\060\156\060\354\060\335\060\374\060\310\060\150\060\156\135\356\122\006\377\011}{part.3}% 34
\BOOKMARK [1][-]{section.14}{\376\377\117\125\060\114\060\014\212\000\060\110\060\213\060\015\060\210\060\106\060\153\060\152\060\213\060\113}{part.3}% 35
\BOOKMARK [0][-]{part.4}{\376\377\173\054\000I\000V\220\350\000\040\060\341\060\352\060\303\060\310\060\150\060\307\060\341\060\352\060\303\060\310}{}% 36
\BOOKMARK [1][-]{section.15}{\376\377\060\341\060\352\060\303\060\310}{part.4}% 37
\BOOKMARK [1][-]{section.16}{\376\377\060\307\060\341\060\352\060\303\060\310\060\150\123\161\226\172}{part.4}% 38
\BOOKMARK [1][-]{section.17}{\376\377\227\136\133\376\171\360\140\047\000\040\040\024\000-\000\040\220\123\121\167\060\157\060\250\060\374\060\270\060\247\060\363\060\310\120\164\060\153\122\271\060\115\060\153\060\117\060\104}{part.4}% 39
\BOOKMARK [1][-]{section.18}{\376\377\143\241\060\213\377\017\147\141\116\366\116\330\060\115\377\017\211\213\220\001\060\213}{part.4}% 40
\BOOKMARK [0][-]{part.5}{\376\377\173\054\000V\220\350\000\040\153\265\226\216\166\204\060\152\220\123\173\113}{}% 41
\BOOKMARK [1][-]{section.19}{\376\377\230\006\136\217}{part.5}% 42
\BOOKMARK [1][-]{section.20}{\376\377\147\000\134\017\060\156\122\060\220\124\160\271}{part.5}% 43
\BOOKMARK [1][-]{section.21}{\376\377\060\176\060\150\060\201}{part.5}% 44
