\BOOKMARK [0][-]{part.1}{\376\377\000I\000\040\000G\000e\000t\000t\000i\000n\000g\000\040\000s\000t\000a\000r\000t\000e\000d}{}% 1
\BOOKMARK [1][-]{section.1}{\376\377\000W\000h\000a\000t\000\040\000A\000I\000P\000L\000\040\000i\000s}{part.1}% 2
\BOOKMARK [1][-]{section.2}{\376\377\000T\000h\000r\000e\000e\000\040\000s\000t\000a\000t\000i\000c\000\040\000m\000e\000c\000h\000a\000n\000i\000s\000m\000s}{part.1}% 3
\BOOKMARK [2][-]{subsection.2.1}{\376\377\000T\000y\000p\000e\000s\000\040\040\024\000\040\000w\000h\000a\000t\000\040\000y\000o\000u\000\040\000g\000i\000v\000e\000\040\000b\000a\000c\000k}{section.2}% 4
\BOOKMARK [2][-]{subsection.2.2}{\376\377\000E\000f\000f\000e\000c\000t\000s\000\040\040\024\000\040\000w\000h\000a\000t\000\040\000y\000o\000u\000\040\000d\000o\000\040\000t\000o\000\040\000t\000h\000e\000\040\000w\000o\000r\000l\000d}{section.2}% 5
\BOOKMARK [2][-]{subsection.2.3}{\376\377\000D\000e\000a\000d\000l\000i\000n\000e\000s\000\040\040\024\000\040\000h\000o\000w\000\040\000l\000o\000n\000g\000\040\000y\000o\000u\000\040\000w\000i\000l\000l\000\040\000w\000a\000i\000t}{section.2}% 6
\BOOKMARK [2][-]{subsection.2.4}{\376\377\000A\000n\000d\000\040\000s\000e\000v\000e\000n\000\040\000d\000i\000s\000c\000i\000p\000l\000i\000n\000e\000s\000\040\000o\000n\000\040\000t\000o\000p}{section.2}% 7
\BOOKMARK [1][-]{section.3}{\376\377\000R\000u\000n\000n\000i\000n\000g\000\040\000s\000o\000m\000e\000t\000h\000i\000n\000g\000\040\000i\000n\000\040\000f\000i\000v\000e\000\040\000m\000i\000n\000u\000t\000e\000s}{part.1}% 8
\BOOKMARK [2][-]{subsection.3.1}{\376\377\000B\000u\000i\000l\000d\000i\000n\000g\000\040\000t\000h\000e\000\040\000i\000m\000p\000l\000e\000m\000e\000n\000t\000a\000t\000i\000o\000n}{section.3}% 9
\BOOKMARK [2][-]{subsection.3.2}{\376\377\000R\000u\000n\000n\000i\000n\000g\000\040\000a\000\040\000p\000r\000o\000g\000r\000a\000m}{section.3}% 10
\BOOKMARK [2][-]{subsection.3.3}{\376\377\000R\000u\000n\000n\000i\000n\000g\000\040\000o\000n\000l\000y\000\040\000t\000h\000e\000\040\000t\000y\000p\000e\000\040\000c\000h\000e\000c\000k\000e\000r}{section.3}% 11
\BOOKMARK [0][-]{part.2}{\376\377\000I\000I\000\040\000L\000a\000n\000g\000u\000a\000g\000e\000\040\000g\000u\000i\000d\000e}{}% 12
\BOOKMARK [1][-]{section.4}{\376\377\000T\000h\000e\000\040\000s\000h\000a\000p\000e\000\040\000o\000f\000\040\000a\000\040\000p\000r\000o\000g\000r\000a\000m}{part.2}% 13
\BOOKMARK [1][-]{section.5}{\376\377\000L\000e\000x\000i\000c\000a\000l\000\040\000s\000t\000r\000u\000c\000t\000u\000r\000e}{part.2}% 14
\BOOKMARK [1][-]{section.6}{\376\377\000T\000y\000p\000e\000s}{part.2}% 15
\BOOKMARK [1][-]{section.7}{\376\377\000E\000x\000p\000r\000e\000s\000s\000i\000o\000n\000s}{part.2}% 16
\BOOKMARK [2][-]{subsection.7.1}{\376\377\000P\000r\000e\000c\000e\000d\000e\000n\000c\000e}{section.7}% 17
\BOOKMARK [2][-]{subsection.7.2}{\376\377\000D\000o\000\040\000n\000o\000t\000\040\000c\000o\000n\000f\000u\000s\000e\000\040\000+\000\040\000w\000i\000t\000h\000\040\000+\000+}{section.7}% 18
\BOOKMARK [2][-]{subsection.7.3}{\376\377\000A\000m\000b\000i\000g\000u\000o\000u\000s\000\040\000o\000v\000e\000r\000l\000o\000a\000d\000s}{section.7}% 19
\BOOKMARK [1][-]{section.8}{\376\377\000S\000t\000a\000t\000e\000m\000e\000n\000t\000s}{part.2}% 20
\BOOKMARK [1][-]{section.9}{\376\377\000A\000c\000t\000o\000r\000s\000\040\000a\000n\000d\000\040\000c\000o\000m\000m\000u\000n\000i\000c\000a\000t\000i\000o\000n}{part.2}% 21
\BOOKMARK [2][-]{subsection.9.1}{\376\377\000T\000h\000e\000\040\000t\000h\000r\000e\000e\000\040\000s\000e\000n\000d\000s}{section.9}% 22
\BOOKMARK [2][-]{subsection.9.2}{\376\377\000r\000e\000p\000l\000y}{section.9}% 23
\BOOKMARK [2][-]{subsection.9.3}{\376\377\000s\000e\000l\000e\000c\000t}{section.9}% 24
\BOOKMARK [1][-]{section.10}{\376\377\000W\000a\000i\000t\000i\000n\000g\000\040\000w\000i\000t\000h\000\040\000a\000\040\000d\000e\000a\000d\000l\000i\000n\000e}{part.2}% 25
\BOOKMARK [2][-]{subsection.10.1}{\376\377\000W\000h\000y\000\040\000i\000t\000\040\000i\000s\000\040\000n\000e\000e\000d\000e\000d}{section.10}% 26
\BOOKMARK [2][-]{subsection.10.2}{\376\377\000T\000h\000e\000\040\000r\000u\000l\000e\000s}{section.10}% 27
\BOOKMARK [2][-]{subsection.10.3}{\376\377\000R\000e\000l\000a\000t\000i\000o\000n\000\040\000t\000o\000\040\000t\000y\000p\000e\000\040\000s\000o\000u\000n\000d\000n\000e\000s\000s}{section.10}% 28
\BOOKMARK [1][-]{section.11}{\376\377\000E\000f\000f\000e\000c\000t\000s}{part.2}% 29
\BOOKMARK [2][-]{subsection.11.1}{\376\377\000T\000h\000e\000\040\000e\000i\000g\000h\000t\000\040\000e\000f\000f\000e\000c\000t\000s}{section.11}% 30
\BOOKMARK [2][-]{subsection.11.2}{\376\377\000H\000o\000w\000\040\000t\000o\000\040\000w\000r\000i\000t\000e\000\040\000t\000h\000e\000m}{section.11}% 31
\BOOKMARK [2][-]{subsection.11.3}{\376\377\000W\000h\000a\000t\000\040\000c\000o\000u\000n\000t\000s\000\040\000a\000s\000\040\000a\000n\000\040\000e\000f\000f\000e\000c\000t}{section.11}% 32
\BOOKMARK [2][-]{subsection.11.4}{\376\377\000W\000h\000a\000t\000\040\000t\000h\000i\000s\000\040\000l\000e\000t\000s\000\040\000y\000o\000u\000\040\000f\000o\000r\000b\000i\000d}{section.11}% 33
\BOOKMARK [0][-]{part.3}{\376\377\000I\000I\000I\000\040\000T\000h\000e\000\040\000s\000e\000v\000e\000n\000\040\000d\000i\000s\000c\000i\000p\000l\000i\000n\000e\000s}{}% 34
\BOOKMARK [1][-]{section.12}{\376\377\000P\000u\000t\000t\000i\000n\000g\000\040\000f\000a\000i\000l\000u\000r\000e\000\040\000i\000n\000\040\000t\000h\000e\000\040\000t\000y\000p\000e\000\040\040\024\000\040\000r\000e\000s\000u\000l\000t}{part.3}% 35
\BOOKMARK [1][-]{section.13}{\376\377\000M\000a\000k\000i\000n\000g\000\040\000t\000h\000e\000\040\000r\000e\000p\000l\000y\000\040\000d\000e\000s\000t\000i\000n\000a\000t\000i\000o\000n\000\040\000a\000\040\000f\000i\000r\000s\000t\000-\000c\000l\000a\000s\000s\000\040\000v\000a\000l\000u\000e}{part.3}% 36
\BOOKMARK [1][-]{section.14}{\376\377\000R\000e\000s\000o\000u\000r\000c\000e\000\040\000o\000r\000d\000e\000r}{part.3}% 37
\BOOKMARK [2][-]{subsection.14.1}{\376\377\000A\000\040\000g\000l\000o\000b\000a\000l\000\040\000o\000r\000d\000e\000r\000\040\040\024\000\040\000s\000t\000o\000p\000p\000i\000n\000g\000\040\000r\000e\000v\000e\000r\000s\000e\000\040\000a\000c\000q\000u\000i\000s\000i\000t\000i\000o\000n}{section.14}% 38
\BOOKMARK [1][-]{section.15}{\376\377\000O\000b\000l\000i\000g\000a\000t\000i\000o\000n\000\040\000l\000e\000v\000e\000l\000s\000\040\040\024\000\040\000s\000t\000o\000p\000p\000i\000n\000g\000\040\000c\000y\000c\000l\000e\000s\000\040\000o\000f\000\040\000w\000a\000i\000t\000i\000n\000g}{part.3}% 39
\BOOKMARK [2][-]{subsection.15.1}{\376\377\000W\000a\000i\000t\000s\000\040\000t\000h\000a\000t\000\040\000c\000r\000o\000s\000s\000\040\000n\000o\000d\000e\000s}{section.15}% 40
\BOOKMARK [2][-]{subsection.15.2}{\376\377\000H\000o\000w\000\040\000m\000u\000c\000h\000\040\000i\000s\000\040\000g\000u\000a\000r\000a\000n\000t\000e\000e\000d}{section.15}% 41
\BOOKMARK [1][-]{section.16}{\376\377\000S\000e\000s\000s\000i\000o\000n\000\040\000t\000y\000p\000e\000s\000\040\040\024\000\040\000t\000h\000e\000\040\000o\000r\000d\000e\000r\000\040\000o\000f\000\040\000a\000n\000\040\000e\000x\000c\000h\000a\000n\000g\000e}{part.3}% 42
\BOOKMARK [2][-]{subsection.16.1}{\376\377\000W\000h\000e\000n\000\040\000t\000h\000e\000\040\000s\000e\000s\000s\000i\000o\000n\000\040\000c\000r\000o\000s\000s\000e\000s\000\040\000a\000c\000t\000o\000r\000s}{section.16}% 43
\BOOKMARK [1][-]{section.17}{\376\377\000T\000h\000e\000\040\000s\000e\000l\000e\000c\000t\000\040\000d\000i\000s\000c\000i\000p\000l\000i\000n\000e}{part.3}% 44
\BOOKMARK [1][-]{section.18}{\376\377\000M\000e\000s\000h\000\040\000d\000e\000p\000l\000o\000y\000m\000e\000n\000t}{part.3}% 45
\BOOKMARK [1][-]{section.19}{\376\377\000E\000s\000c\000a\000p\000e\000\040\000h\000a\000t\000c\000h\000e\000s\000\040\000\050\000e\000n\000v\000i\000r\000o\000n\000m\000e\000n\000t\000\040\000v\000a\000r\000i\000a\000b\000l\000e\000s\000\051}{part.3}% 46
\BOOKMARK [0][-]{part.4}{\376\377\000I\000V\000\040\000R\000e\000f\000e\000r\000e\000n\000c\000e}{}% 47
\BOOKMARK [1][-]{section.20}{\376\377\000W\000h\000a\000t\000\040\000t\000h\000e\000\040\000t\000y\000p\000e\000\040\000c\000h\000e\000c\000k\000e\000r\000\040\000l\000o\000o\000k\000s\000\040\000a\000t}{part.4}% 48
\BOOKMARK [1][-]{section.21}{\376\377\000E\000x\000p\000o\000s\000i\000n\000g\000\040\000t\000o\000\040\000t\000h\000e\000\040\000o\000u\000t\000s\000i\000d\000e}{part.4}% 49
\BOOKMARK [1][-]{section.22}{\376\377\000B\000u\000i\000l\000t\000i\000n\000\040\000f\000u\000n\000c\000t\000i\000o\000n\000s\000\040\000a\000n\000d\000\040\000t\000h\000e\000i\000r\000\040\000e\000f\000f\000e\000c\000t\000s}{part.4}% 50
\BOOKMARK [0][-]{part.5}{\376\377\000V\000\040\000S\000a\000m\000p\000l\000e\000\040\000p\000r\000o\000g\000r\000a\000m\000s}{}% 51
\BOOKMARK [1][-]{section.23}{\376\377\000g\0001\000:\000\040\000c\000l\000a\000s\000s\000e\000s\000,\000\040\000f\000i\000e\000l\000d\000s\000,\000\040\000s\000e\000n\000d\000,\000\040\000s\000t\000r\000i\000n\000g\000\040\000c\000o\000n\000c\000a\000t\000e\000n\000a\000t\000i\000o\000n}{part.5}% 52
\BOOKMARK [1][-]{section.24}{\376\377\000g\0002\000:\000\040\000n\000o\000w\000\040\000/\000\040\000f\000u\000t\000u\000r\000e\000\040\000/\000\040\000a\000w\000a\000i\000t\000\040\000a\000n\000d\000\040\000a\000n\000n\000o\000t\000a\000t\000i\000o\000n\000s}{part.5}% 53
\BOOKMARK [1][-]{section.25}{\376\377\000g\0003\000:\000\040\000s\000e\000v\000e\000r\000a\000l\000\040\000a\000c\000t\000o\000r\000s\000,\000\040\000a\000n\000d\000\040\000a\000\040\000n\000o\000w\000\040\000a\000c\000r\000o\000s\000s\000\040\000a\000c\000t\000o\000r\000s}{part.5}% 54
\BOOKMARK [1][-]{section.26}{\376\377\000g\0004\000:\000\040\000s\000e\000l\000e\000c\000t\000,\000\040\000a\000n\000d\000\040\000w\000h\000i\000c\000h\000\040\000m\000e\000s\000s\000a\000g\000e\000\040\000a\000\040\000r\000e\000p\000l\000y\000\040\000a\000n\000s\000w\000e\000r\000s}{part.5}% 55
\BOOKMARK [1][-]{section.27}{\376\377\000g\0005\000:\000\040\000e\000x\000p\000o\000s\000i\000n\000g\000\040\000t\000o\000\040\000t\000h\000e\000\040\000o\000u\000t\000s\000i\000d\000e\000\040\000m\000a\000k\000e\000s\000\040\000a\000n\000n\000o\000t\000a\000t\000i\000o\000n\000s\000\040\000m\000a\000n\000d\000a\000t\000o\000r\000y}{part.5}% 56
\BOOKMARK [1][-]{section.28}{\376\377\000g\0006\000:\000\040\000e\000f\000f\000e\000c\000t\000\040\000a\000n\000n\000o\000t\000a\000t\000i\000o\000n\000s\000\040\000a\000n\000d\000\040\000p\000r\000o\000p\000a\000g\000a\000t\000i\000o\000n}{part.5}% 57
\BOOKMARK [1][-]{section.29}{\376\377\000g\0007\000:\000\040\000n\000o\000w\000\040\000/\000\040\000a\000w\000a\000i\000t\000\040\000w\000i\000t\000h\000\040\000d\000e\000a\000d\000l\000i\000n\000e\000s}{part.5}% 58
\BOOKMARK [1][-]{section.30}{\376\377\000g\0008\000:\000\040\000e\000q\000u\000a\000l\000i\000t\000y\000,\000\040\000u\000n\000a\000r\000y\000\040\000m\000i\000n\000u\000s\000,\000\040\000b\000o\000o\000l\000e\000a\000n\000\040\000l\000i\000t\000e\000r\000a\000l\000s}{part.5}% 59
\BOOKMARK [1][-]{section.31}{\376\377\000g\0009\000:\000\040\000p\000a\000s\000s\000i\000n\000g\000\040\000a\000n\000\040\000a\000c\000t\000o\000r\000\040\000a\000s\000\040\000a\000n\000\040\000a\000r\000g\000u\000m\000e\000n\000t}{part.5}% 60
\BOOKMARK [1][-]{section.32}{\376\377\000g\0001\0000\000:\000\040\000t\000w\000o\000\040\000c\000l\000a\000s\000s\000e\000s\000\040\000w\000i\000t\000h\000\040\000a\000\040\000f\000i\000e\000l\000d\000\040\000o\000f\000\040\000t\000h\000e\000\040\000s\000a\000m\000e\000\040\000n\000a\000m\000e}{part.5}% 61
\BOOKMARK [1][-]{section.33}{\376\377\000N\000e\000g\000a\000t\000i\000v\000e\000\040\000s\000a\000m\000p\000l\000e\000s}{part.5}% 62
\BOOKMARK [0][-]{part.6}{\376\377\000V\000I\000\040\000B\000u\000i\000l\000d\000i\000n\000g\000\040\000a\000n\000d\000\040\000r\000u\000n\000n\000i\000n\000g}{}% 63
\BOOKMARK [1][-]{section.34}{\376\377\000B\000u\000i\000l\000d\000i\000n\000g\000\040\000t\000h\000e\000\040\000i\000m\000p\000l\000e\000m\000e\000n\000t\000a\000t\000i\000o\000n}{part.6}% 64
\BOOKMARK [1][-]{section.35}{\376\377\000R\000u\000n\000n\000i\000n\000g\000\040\000a\000\040\000p\000r\000o\000g\000r\000a\000m}{part.6}% 65
\BOOKMARK [1][-]{section.36}{\376\377\000R\000u\000n\000n\000i\000n\000g\000\040\000o\000n\000l\000y\000\040\000t\000h\000e\000\040\000t\000y\000p\000e\000\040\000c\000h\000e\000c\000k\000e\000r}{part.6}% 66
\BOOKMARK [1][-]{section.37}{\376\377\000T\000h\000e\000\040\000t\000y\000p\000e\000/\000r\000u\000n\000-\000t\000i\000m\000e\000\040\000d\000i\000f\000f\000e\000r\000e\000n\000t\000i\000a\000l\000\040\000t\000e\000s\000t}{part.6}% 67
\BOOKMARK [1][-]{section.38}{\376\377\000E\000n\000v\000i\000r\000o\000n\000m\000e\000n\000t\000\040\000v\000a\000r\000i\000a\000b\000l\000e\000s}{part.6}% 68
\BOOKMARK [1][-]{section.39}{\376\377\000R\000u\000n\000n\000i\000n\000g\000\040\000o\000n\000\040\000r\000e\000a\000l\000\040\000h\000a\000r\000d\000w\000a\000r\000e\000\040\040\024\000\040\000X\000i\000n\000u\000\040\000/\000\040\000R\000a\000s\000p\000b\000e\000r\000r\000y\000\040\000P\000i\000\040\0003\000\040\000a\000n\000d\000\040\000P\000i\000\040\0005}{part.6}% 69
\BOOKMARK [2][-]{subsection.39.1}{\376\377\000T\000h\000r\000e\000e\000\040\000r\000u\000n\000t\000i\000m\000e\000s\000,\000\040\000a\000n\000d\000\040\000w\000h\000a\000t\000\040\000e\000a\000c\000h\000\040\000i\000s\000\040\000f\000o\000r}{section.39}% 70
\BOOKMARK [2][-]{subsection.39.2}{\376\377\000C\000o\000m\000p\000i\000l\000i\000n\000g\000\040\000t\000o\000\040\000.\000a\000v\000m\000\040\000a\000n\000d\000\040\000l\000o\000a\000d\000i\000n\000g\000\040\000i\000t}{section.39}% 71
\BOOKMARK [2][-]{subsection.39.3}{\376\377\000R\000e\000a\000d\000i\000n\000g\000\040\000v\000a\000l\000u\000e\000s\000\040\000b\000a\000c\000k\000\040\000f\000r\000o\000m\000\040\000t\000h\000e\000\040\000b\000o\000a\000r\000d}{section.39}% 72
\BOOKMARK [2][-]{subsection.39.4}{\376\377\000A\000n\000\040\000o\000n\000-\000b\000o\000a\000r\000d\000\040\000m\000o\000d\000e\000l\000\040\040\024\000\040\000a\000i\000\137\000c\000a\000l\000l}{section.39}% 73
\BOOKMARK [2][-]{subsection.39.5}{\376\377\000W\000h\000a\000t\000\040\000t\000h\000e\000\040\000h\000a\000r\000d\000w\000a\000r\000e\000\040\000p\000a\000t\000h\000\040\000d\000o\000e\000s\000\040\000n\000o\000t\000\040\000h\000a\000v\000e}{section.39}% 74
\BOOKMARK [2][-]{subsection.39.6}{\376\377\000T\000h\000e\000\040\000P\000i\000\040\0003\000\040\000h\000o\000l\000d\000s\000\040\000e\000x\000a\000c\000t\000l\000y\000\040\000o\000n\000e\000\040\000m\000o\000d\000u\000l\000e\000\040\000a\000t\000\040\000a\000\040\000t\000i\000m\000e}{section.39}% 75
\BOOKMARK [2][-]{subsection.39.7}{\376\377\000T\000h\000e\000\040\000t\000e\000n\000\040\000c\000a\000n\000o\000n\000i\000c\000a\000l\000\040\000g\000u\000i\000d\000e\000\040\000s\000a\000m\000p\000l\000e\000s\000\040\000o\000n\000\040\000h\000a\000r\000d\000w\000a\000r\000e}{section.39}% 76
\BOOKMARK [2][-]{subsection.39.8}{\376\377\000T\000h\000e\000\040\000P\000i\000\040\0005\000\040\040\024\000\040\000t\000h\000e\000\040\000o\000t\000h\000e\000r\000\040\000b\000o\000a\000r\000d}{section.39}% 77
\BOOKMARK [0][-]{part.7}{\376\377\000V\000I\000I\000\040\000A\000p\000p\000e\000n\000d\000i\000x}{}% 78
\BOOKMARK [1][-]{section.40}{\376\377\000G\000r\000a\000m\000m\000a\000r\000\040\000s\000u\000m\000m\000a\000r\000y}{part.7}% 79
\BOOKMARK [1][-]{section.41}{\376\377\000E\000n\000v\000i\000r\000o\000n\000m\000e\000n\000t\000\040\000v\000a\000r\000i\000a\000b\000l\000e\000s\000\040\000o\000f\000\040\000t\000h\000e\000\040\000i\000m\000p\000l\000e\000m\000e\000n\000t\000a\000t\000i\000o\000n}{part.7}% 80
\BOOKMARK [1][-]{section.42}{\376\377\000C\000o\000m\000m\000o\000n\000\040\000p\000i\000t\000f\000a\000l\000l\000s}{part.7}% 81
\BOOKMARK [1][-]{section.43}{\376\377\000P\000r\000e\000s\000e\000n\000t\000\040\000l\000i\000m\000i\000t\000s}{part.7}% 82
\BOOKMARK [1][-]{section.44}{\376\377\000C\000h\000a\000n\000g\000e\000s\000\040\000f\000r\000o\000m\000\040\000t\000h\000e\000\040\000p\000r\000e\000v\000i\000o\000u\000s\000\040\000e\000d\000i\000t\000i\000o\000n}{part.7}% 83
\BOOKMARK [2][-]{subsection.44.1}{\376\377\000R\000e\000m\000o\000v\000e\000d\000\040\000f\000r\000o\000m\000\040\000t\000h\000e\000\040\000l\000a\000n\000g\000u\000a\000g\000e}{section.44}% 84
\BOOKMARK [2][-]{subsection.44.2}{\376\377\000A\000d\000d\000e\000d}{section.44}% 85
\BOOKMARK [2][-]{subsection.44.3}{\376\377\000M\000a\000d\000e\000\040\000s\000t\000r\000i\000c\000t\000e\000r}{section.44}% 86
\BOOKMARK [2][-]{subsection.44.4}{\376\377\000T\000h\000e\000\040\000f\000i\000l\000e\000\040\000e\000x\000t\000e\000n\000s\000i\000o\000n}{section.44}% 87
\BOOKMARK [2][-]{subsection.44.5}{\376\377\000C\000o\000r\000e\000\040\000a\000n\000d\000\040\000e\000x\000t\000e\000n\000s\000i\000o\000n\000s\000\040\040\024\000\040\000t\000h\000e\000\040\000l\000a\000n\000g\000u\000a\000g\000e\000\040\000h\000a\000s\000\040\000t\000w\000o\000\040\000l\000a\000y\000e\000r\000s}{section.44}% 88
\BOOKMARK [1][-]{section.45}{\376\377\000R\000e\000l\000a\000t\000e\000d\000\040\000d\000o\000c\000u\000m\000e\000n\000t\000s}{part.7}% 89
