\BOOKMARK [0][-]{part.1}{\376\377\173\054\000I\220\350\000\040\117\115\177\156\060\145\060\121}{}% 1
\BOOKMARK [1][-]{section.1}{\376\377\116\011\060\144\060\156\162\110\060\156\225\242\117\302}{part.1}% 2
\BOOKMARK [1][-]{section.2}{\376\377\117\125\060\222\212\074\146\016\060\127\060\137\060\104\060\156\060\113}{part.1}% 3
\BOOKMARK [0][-]{part.2}{\376\377\173\054\000I\000I\220\350\000\040\133\232\137\017\123\026}{}% 4
\BOOKMARK [1][-]{section.3}{\376\377\151\313\145\207}{part.2}% 5
\BOOKMARK [2][-]{subsection.3.1}{\376\377\174\326\210\143}{section.3}% 6
\BOOKMARK [1][-]{section.4}{\376\377\210\150\060\150\151\313\142\020}{part.2}% 7
\BOOKMARK [1][-]{section.5}{\376\377\127\213\116\330\060\121}{part.2}% 8
\BOOKMARK [1][-]{section.6}{\376\377\144\315\117\134\166\204\141\017\124\163\212\326}{part.2}% 9
\BOOKMARK [1][-]{section.7}{\376\377\116\015\131\011\147\141\116\366}{part.2}% 10
\BOOKMARK [0][-]{part.3}{\376\377\173\054\000I\000I\000I\220\350\000\040\212\074\146\016}{}% 11
\BOOKMARK [1][-]{section.8}{\376\377\116\073\133\232\164\006}{part.3}% 12
\BOOKMARK [1][-]{section.9}{\376\377\060\307\060\303\060\311\060\355\060\303\060\257\201\352\165\061\060\156\212\074\146\016}{part.3}% 13
\BOOKMARK [1][-]{section.10}{\376\377\121\154\164\006\060\222\117\177\060\143\060\146\060\104\060\152\060\104\060\123\060\150}{part.3}% 14
\BOOKMARK [0][-]{part.4}{\376\377\173\054\000I\000V\220\350\000\040\173\304\126\362}{}% 15
\BOOKMARK [1][-]{section.11}{\376\377\212\074\146\016\060\147\060\115\060\213\147\000\131\047\060\156\151\313\145\207}{part.4}% 16
\BOOKMARK [2][-]{subsection.11.1}{\376\377\121\145\060\214\060\146\060\202\117\335\060\137\060\214\060\213\060\202\060\156}{section.11}% 17
\BOOKMARK [2][-]{subsection.11.2}{\376\377\121\145\060\214\060\213\060\150\130\312\060\214\060\213\060\202\060\156}{section.11}% 18
\BOOKMARK [1][-]{section.12}{\376\377\172\172\206\132\060\147\060\152\060\104\060\123\060\150\060\156\170\272\212\215}{part.4}% 19
\BOOKMARK [1][-]{section.13}{\376\377\122\271\147\234}{part.4}% 20
\BOOKMARK [2][-]{subsection.13.1}{\376\377\127\213\060\153\217\011\060\133\060\213}{section.13}% 21
\BOOKMARK [2][-]{subsection.13.2}{\376\377\211\217\122\107\060\156\211\201\060\157\116\214\060\144}{section.13}% 22
\BOOKMARK [2][-]{subsection.13.3}{\376\377\116\015\131\011\147\141\116\366}{section.13}% 23
\BOOKMARK [2][-]{subsection.13.4}{\376\377\133\232\164\006}{section.13}% 24
\BOOKMARK [1][-]{section.14}{\376\377\212\000\060\110\060\152\060\104\060\123\060\150}{part.4}% 25
\BOOKMARK [1][-]{section.15}{\376\377\153\213\060\143\060\146\060\104\060\213\060\123\060\150}{part.4}% 26
\BOOKMARK [2][-]{subsection.15.1}{\376\377\122\271\147\234\060\157\121\145\060\214\060\137}{section.15}% 27
\BOOKMARK [2][-]{subsection.15.2}{\376\377\147\037\226\120\060\222\215\263\060\131}{section.15}% 28
\BOOKMARK [2][-]{subsection.15.3}{\376\377\124\015\122\115\060\156\145\164\164\006}{section.15}% 29
\BOOKMARK [1][-]{section.16}{\376\377\060\176\060\150\060\201}{part.4}% 30
